2026-04-09 05:31:21 DEBUG [http-nio-8080-exec-3] org.hibernate.SQL - 
    select
        u1_0.user_id,
        u1_0.created_at,
        u1_0.deleted_at,
        u1_0.deleted_by,
        u1_0.email,
        u1_0.first_name,
        u1_0.is_active,
        u1_0.is_deleted,
        u1_0.last_name,
        u1_0.password,
        u1_0.person_id,
        u1_0.phone,
        u1_0.role_id,
        u1_0.updated_at,
        u1_0.user_code 
    from
        users u1_0 
    where
        (
            u1_0.is_deleted = false
        ) 
        and u1_0.email=?
2026-04-09 05:31:21 DEBUG [http-nio-8080-exec-3] org.hibernate.SQL - 
    select
        r1_0.role_id,
        r1_0.created_at,
        r1_0.description,
        r1_0.role_name 
    from
        roles r1_0 
    where
        r1_0.role_id=?
2026-04-09 05:31:21 DEBUG [http-nio-8080-exec-3] org.hibernate.SQL - 
    select
        u1_0.user_id,
        u1_0.created_at,
        u1_0.deleted_at,
        u1_0.deleted_by,
        u1_0.email,
        u1_0.first_name,
        u1_0.is_active,
        u1_0.is_deleted,
        u1_0.last_name,
        u1_0.password,
        u1_0.person_id,
        u1_0.phone,
        u1_0.role_id,
        u1_0.updated_at,
        u1_0.user_code 
    from
        users u1_0 
    where
        (
            u1_0.is_deleted = false
        ) 
        and u1_0.email=?
2026-04-09 05:31:21 DEBUG [http-nio-8080-exec-3] org.hibernate.SQL - 
    select
        r1_0.role_id,
        r1_0.created_at,
        r1_0.description,
        r1_0.role_name 
    from
        roles r1_0 
    where
        r1_0.role_id=?
2026-04-09 05:31:21 DEBUG [http-nio-8080-exec-3] org.hibernate.SQL - 
    select
        la1_0.application_id,
        la1_0.application_code,
        la1_0.applied_at,
        la1_0.user_id,
        la1_0.deleted_at,
        la1_0.deleted_by,
        la1_0.dti_ratio,
        la1_0.existing_emi,
        la1_0.interest_rate,
        la1_0.is_deleted,
        la1_0.officer_strategy,
        la1_0.requested_amount,
        la1_0.reviewed_at,
        la1_0.reviewed_by,
        la1_0.status,
        la1_0.suggested_strategy,
        la1_0.tenure_months 
    from
        loan_applications la1_0 
    join
        users b1_0 
            on b1_0.user_id=la1_0.user_id 
            and (b1_0.is_deleted = false) 
    where
        (
            la1_0.is_deleted = false
        ) 
        and b1_0.email=? 
    order by
        la1_0.applied_at desc,
        la1_0.applied_at desc 
    fetch
        first ? rows only
2026-04-09 05:31:21 DEBUG [http-nio-8080-exec-3] org.hibernate.SQL - 
    select
        u1_0.user_id,
        u1_0.created_at,
        u1_0.deleted_at,
        u1_0.deleted_by,
        u1_0.email,
        u1_0.first_name,
        u1_0.is_active,
        u1_0.is_deleted,
        u1_0.last_name,
        u1_0.password,
        u1_0.person_id,
        u1_0.phone,
        u1_0.role_id,
        r1_0.role_id,
        r1_0.created_at,
        r1_0.description,
        r1_0.role_name,
        u1_0.updated_at,
        u1_0.user_code 
    from
        users u1_0 
    join
        roles r1_0 
            on r1_0.role_id=u1_0.role_id 
    where
        u1_0.user_id=? 
        and (
            u1_0.is_deleted = false
        )
2026-04-09 05:33:57 DEBUG [http-nio-8080-exec-2] org.hibernate.SQL - 
    select
        u1_0.user_id,
        u1_0.created_at,
        u1_0.deleted_at,
        u1_0.deleted_by,
        u1_0.email,
        u1_0.first_name,
        u1_0.is_active,
        u1_0.is_deleted,
        u1_0.last_name,
        u1_0.password,
        u1_0.person_id,
        u1_0.phone,
        u1_0.role_id,
        u1_0.updated_at,
        u1_0.user_code 
    from
        users u1_0 
    where
        (
            u1_0.is_deleted = false
        ) 
        and u1_0.email=?
2026-04-09 05:33:57 DEBUG [http-nio-8080-exec-2] org.hibernate.SQL - 
    select
        r1_0.role_id,
        r1_0.created_at,
        r1_0.description,
        r1_0.role_name 
    from
        roles r1_0 
    where
        r1_0.role_id=?
2026-04-09 05:34:59 DEBUG [http-nio-8080-exec-7] org.hibernate.SQL - 
    select
        u1_0.user_id,
        u1_0.created_at,
        u1_0.deleted_at,
        u1_0.deleted_by,
        u1_0.email,
        u1_0.first_name,
        u1_0.is_active,
        u1_0.is_deleted,
        u1_0.last_name,
        u1_0.password,
        u1_0.person_id,
        u1_0.phone,
        u1_0.role_id,
        u1_0.updated_at,
        u1_0.user_code 
    from
        users u1_0 
    where
        (
            u1_0.is_deleted = false
        ) 
        and u1_0.email=?
2026-04-09 05:34:59 DEBUG [http-nio-8080-exec-7] org.hibernate.SQL - 
    select
        r1_0.role_id,
        r1_0.created_at,
        r1_0.description,
        r1_0.role_name 
    from
        roles r1_0 
    where
        r1_0.role_id=?
2026-04-09 05:35:01 DEBUG [scheduling-1] org.hibernate.SQL - 
    delete 
    from
        otp_tokens ot1_0 
    where
        ot1_0.expiry_time<?
2026-04-09 05:35:01 DEBUG [scheduling-1] org.hibernate.SQL - 
    DELETE 
    FROM
        users 
    WHERE
        is_active = false 
        AND is_deleted = false 
        AND created_at < ?
2026-04-09 05:35:02 DEBUG [http-nio-8080-exec-7] org.hibernate.SQL - 
    select
        u1_0.user_id,
        u1_0.created_at,
        u1_0.deleted_at,
        u1_0.deleted_by,
        u1_0.email,
        u1_0.first_name,
        u1_0.is_active,
        u1_0.is_deleted,
        u1_0.last_name,
        u1_0.password,
        u1_0.person_id,
        u1_0.phone,
        u1_0.role_id,
        u1_0.updated_at,
        u1_0.user_code 
    from
        users u1_0 
    where
        (
            u1_0.is_deleted = false
        ) 
        and u1_0.email=?
2026-04-09 05:35:02 DEBUG [http-nio-8080-exec-7] org.hibernate.SQL - 
    select
        r1_0.role_id,
        r1_0.created_at,
        r1_0.description,
        r1_0.role_name 
    from
        roles r1_0 
    where
        r1_0.role_id=?
2026-04-09 05:35:02 DEBUG [http-nio-8080-exec-7] org.hibernate.SQL - 
    select
        la1_0.application_id,
        la1_0.application_code,
        la1_0.applied_at,
        la1_0.user_id,
        la1_0.deleted_at,
        la1_0.deleted_by,
        la1_0.dti_ratio,
        la1_0.existing_emi,
        la1_0.interest_rate,
        la1_0.is_deleted,
        la1_0.officer_strategy,
        la1_0.requested_amount,
        la1_0.reviewed_at,
        la1_0.reviewed_by,
        la1_0.status,
        la1_0.suggested_strategy,
        la1_0.tenure_months 
    from
        loan_applications la1_0 
    where
        (
            la1_0.is_deleted = false
        ) 
        and la1_0.application_code=?
2026-04-09 05:35:02 DEBUG [http-nio-8080-exec-7] org.hibernate.SQL - 
    select
        u1_0.user_id,
        u1_0.created_at,
        u1_0.deleted_at,
        u1_0.deleted_by,
        u1_0.email,
        u1_0.first_name,
        u1_0.is_active,
        u1_0.is_deleted,
        u1_0.last_name,
        u1_0.password,
        u1_0.person_id,
        u1_0.phone,
        u1_0.role_id,
        r1_0.role_id,
        r1_0.created_at,
        r1_0.description,
        r1_0.role_name,
        u1_0.updated_at,
        u1_0.user_code 
    from
        users u1_0 
    join
        roles r1_0 
            on r1_0.role_id=u1_0.role_id 
    where
        u1_0.user_id=? 
        and (
            u1_0.is_deleted = false
        )
2026-04-09 05:35:03 DEBUG [http-nio-8080-exec-7] org.hibernate.SQL - 
    select
        l1_0.loan_id,
        l1_0.application_id,
        l1_0.user_id,
        l1_0.created_at,
        l1_0.emi_amount,
        l1_0.end_date,
        l1_0.interest_rate,
        l1_0.loan_code,
        l1_0.loan_status,
        l1_0.principal_amount,
        l1_0.start_date,
        l1_0.strategy,
        l1_0.tenure_months 
    from
        loans l1_0 
    where
        l1_0.application_id=?
2026-04-09 05:35:03 DEBUG [AuditLogger-2] org.hibernate.SQL - 
    insert 
    into
        strategy_audit
        (application_id, changed_at, changed_by, officer_strategy, overridden, system_strategy, id) 
    values
        (?, ?, ?, ?, ?, ?, ?)
2026-04-09 05:35:03 DEBUG [http-nio-8080-exec-7] org.hibernate.SQL - 
    insert 
    into
        loans
        (application_id, user_id, created_at, emi_amount, end_date, interest_rate, loan_status, principal_amount, start_date, strategy, tenure_months, loan_id) 
    values
        (?, ?, ?, ?, ?, ?, ?, ?, ?, ?, ?, ?)
2026-04-09 05:35:03 DEBUG [AuditLogger-1] org.hibernate.SQL - 
    insert 
    into
        audit_logs
        (action, action_time, actor_id, description, entity_id, entity_type, new_value, old_value, audit_id) 
    values
        (?, ?, ?, ?, ?, ?, ?, ?, ?)
2026-04-09 05:35:03 DEBUG [http-nio-8080-exec-7] org.hibernate.SQL - 
    update
        loan_applications 
    set
        user_id=?,
        deleted_at=?,
        deleted_by=?,
        dti_ratio=?,
        existing_emi=?,
        interest_rate=?,
        is_deleted=?,
        officer_strategy=?,
        requested_amount=?,
        reviewed_at=?,
        reviewed_by=?,
        status=?,
        suggested_strategy=?,
        tenure_months=? 
    where
        application_id=?
2026-04-09 05:35:03 DEBUG [http-nio-8080-exec-7] org.hibernate.SQL - 
    select
        l1_0.loan_id,
        l1_0.application_id,
        l1_0.user_id,
        l1_0.created_at,
        l1_0.emi_amount,
        l1_0.end_date,
        l1_0.interest_rate,
        l1_0.loan_code,
        l1_0.loan_status,
        l1_0.principal_amount,
        l1_0.start_date,
        l1_0.strategy,
        l1_0.tenure_months 
    from
        loans l1_0 
    where
        l1_0.loan_id=?
2026-04-09 05:35:03 DEBUG [http-nio-8080-exec-7] org.hibernate.SQL - 
    select
        es1_0.emi_id,
        es1_0.amount_paid,
        es1_0.due_date,
        es1_0.emi_code,
        es1_0.installment_no,
        es1_0.interest_component,
        es1_0.loan_id,
        es1_0.paid_date,
        es1_0.principal_component,
        es1_0.remaining_balance,
        es1_0.status,
        es1_0.total_emi 
    from
        emi_schedule es1_0 
    where
        es1_0.loan_id=? 
    order by
        es1_0.installment_no
2026-04-09 05:35:03 DEBUG [http-nio-8080-exec-7] org.hibernate.SQL - 
    insert 
    into
        emi_schedule
        (amount_paid, due_date, installment_no, interest_component, loan_id, paid_date, principal_component, remaining_balance, status, total_emi, emi_id) 
    values
        (?, ?, ?, ?, ?, ?, ?, ?, ?, ?, ?)
2026-04-09 05:35:03 DEBUG [http-nio-8080-exec-7] org.hibernate.SQL - 
    insert 
    into
        emi_schedule
        (amount_paid, due_date, installment_no, interest_component, loan_id, paid_date, principal_component, remaining_balance, status, total_emi, emi_id) 
    values
        (?, ?, ?, ?, ?, ?, ?, ?, ?, ?, ?)
2026-04-09 05:35:03 DEBUG [http-nio-8080-exec-7] org.hibernate.SQL - 
    insert 
    into
        emi_schedule
        (amount_paid, due_date, installment_no, interest_component, loan_id, paid_date, principal_component, remaining_balance, status, total_emi, emi_id) 
    values
        (?, ?, ?, ?, ?, ?, ?, ?, ?, ?, ?)
2026-04-09 05:35:03 DEBUG [http-nio-8080-exec-7] org.hibernate.SQL - 
    insert 
    into
        emi_schedule
        (amount_paid, due_date, installment_no, interest_component, loan_id, paid_date, principal_component, remaining_balance, status, total_emi, emi_id) 
    values
        (?, ?, ?, ?, ?, ?, ?, ?, ?, ?, ?)
2026-04-09 05:35:03 DEBUG [http-nio-8080-exec-7] org.hibernate.SQL - 
    insert 
    into
        emi_schedule
        (amount_paid, due_date, installment_no, interest_component, loan_id, paid_date, principal_component, remaining_balance, status, total_emi, emi_id) 
    values
        (?, ?, ?, ?, ?, ?, ?, ?, ?, ?, ?)
2026-04-09 05:35:03 DEBUG [http-nio-8080-exec-7] org.hibernate.SQL - 
    insert 
    into
        emi_schedule
        (amount_paid, due_date, installment_no, interest_component, loan_id, paid_date, principal_component, remaining_balance, status, total_emi, emi_id) 
    values
        (?, ?, ?, ?, ?, ?, ?, ?, ?, ?, ?)
2026-04-09 05:35:03 DEBUG [http-nio-8080-exec-7] org.hibernate.SQL - 
    insert 
    into
        emi_schedule
        (amount_paid, due_date, installment_no, interest_component, loan_id, paid_date, principal_component, remaining_balance, status, total_emi, emi_id) 
    values
        (?, ?, ?, ?, ?, ?, ?, ?, ?, ?, ?)
2026-04-09 05:35:03 DEBUG [http-nio-8080-exec-7] org.hibernate.SQL - 
    insert 
    into
        emi_schedule
        (amount_paid, due_date, installment_no, interest_component, loan_id, paid_date, principal_component, remaining_balance, status, total_emi, emi_id) 
    values
        (?, ?, ?, ?, ?, ?, ?, ?, ?, ?, ?)
2026-04-09 05:35:03 DEBUG [http-nio-8080-exec-7] org.hibernate.SQL - 
    insert 
    into
        emi_schedule
        (amount_paid, due_date, installment_no, interest_component, loan_id, paid_date, principal_component, remaining_balance, status, total_emi, emi_id) 
    values
        (?, ?, ?, ?, ?, ?, ?, ?, ?, ?, ?)
2026-04-09 05:35:03 DEBUG [http-nio-8080-exec-7] org.hibernate.SQL - 
    insert 
    into
        emi_schedule
        (amount_paid, due_date, installment_no, interest_component, loan_id, paid_date, principal_component, remaining_balance, status, total_emi, emi_id) 
    values
        (?, ?, ?, ?, ?, ?, ?, ?, ?, ?, ?)
2026-04-09 05:35:03 DEBUG [http-nio-8080-exec-7] org.hibernate.SQL - 
    insert 
    into
        emi_schedule
        (amount_paid, due_date, installment_no, interest_component, loan_id, paid_date, principal_component, remaining_balance, status, total_emi, emi_id) 
    values
        (?, ?, ?, ?, ?, ?, ?, ?, ?, ?, ?)
2026-04-09 05:35:03 DEBUG [http-nio-8080-exec-7] org.hibernate.SQL - 
    insert 
    into
        emi_schedule
        (amount_paid, due_date, installment_no, interest_component, loan_id, paid_date, principal_component, remaining_balance, status, total_emi, emi_id) 
    values
        (?, ?, ?, ?, ?, ?, ?, ?, ?, ?, ?)
2026-04-09 05:35:03 DEBUG [http-nio-8080-exec-7] org.hibernate.SQL - 
    insert 
    into
        emi_schedule
        (amount_paid, due_date, installment_no, interest_component, loan_id, paid_date, principal_component, remaining_balance, status, total_emi, emi_id) 
    values
        (?, ?, ?, ?, ?, ?, ?, ?, ?, ?, ?)
2026-04-09 05:35:03 DEBUG [http-nio-8080-exec-7] org.hibernate.SQL - 
    insert 
    into
        emi_schedule
        (amount_paid, due_date, installment_no, interest_component, loan_id, paid_date, principal_component, remaining_balance, status, total_emi, emi_id) 
    values
        (?, ?, ?, ?, ?, ?, ?, ?, ?, ?, ?)
2026-04-09 05:35:03 DEBUG [http-nio-8080-exec-7] org.hibernate.SQL - 
    insert 
    into
        emi_schedule
        (amount_paid, due_date, installment_no, interest_component, loan_id, paid_date, principal_component, remaining_balance, status, total_emi, emi_id) 
    values
        (?, ?, ?, ?, ?, ?, ?, ?, ?, ?, ?)
2026-04-09 05:35:03 DEBUG [http-nio-8080-exec-7] org.hibernate.SQL - 
    insert 
    into
        emi_schedule
        (amount_paid, due_date, installment_no, interest_component, loan_id, paid_date, principal_component, remaining_balance, status, total_emi, emi_id) 
    values
        (?, ?, ?, ?, ?, ?, ?, ?, ?, ?, ?)
2026-04-09 05:35:03 DEBUG [http-nio-8080-exec-7] org.hibernate.SQL - 
    insert 
    into
        emi_schedule
        (amount_paid, due_date, installment_no, interest_component, loan_id, paid_date, principal_component, remaining_balance, status, total_emi, emi_id) 
    values
        (?, ?, ?, ?, ?, ?, ?, ?, ?, ?, ?)
2026-04-09 05:35:03 DEBUG [http-nio-8080-exec-7] org.hibernate.SQL - 
    insert 
    into
        emi_schedule
        (amount_paid, due_date, installment_no, interest_component, loan_id, paid_date, principal_component, remaining_balance, status, total_emi, emi_id) 
    values
        (?, ?, ?, ?, ?, ?, ?, ?, ?, ?, ?)
2026-04-09 05:35:03 DEBUG [http-nio-8080-exec-7] org.hibernate.SQL - 
    insert 
    into
        emi_schedule
        (amount_paid, due_date, installment_no, interest_component, loan_id, paid_date, principal_component, remaining_balance, status, total_emi, emi_id) 
    values
        (?, ?, ?, ?, ?, ?, ?, ?, ?, ?, ?)
2026-04-09 05:35:03 DEBUG [http-nio-8080-exec-7] org.hibernate.SQL - 
    insert 
    into
        emi_schedule
        (amount_paid, due_date, installment_no, interest_component, loan_id, paid_date, principal_component, remaining_balance, status, total_emi, emi_id) 
    values
        (?, ?, ?, ?, ?, ?, ?, ?, ?, ?, ?)
2026-04-09 05:35:03 DEBUG [http-nio-8080-exec-7] org.hibernate.SQL - 
    insert 
    into
        emi_schedule
        (amount_paid, due_date, installment_no, interest_component, loan_id, paid_date, principal_component, remaining_balance, status, total_emi, emi_id) 
    values
        (?, ?, ?, ?, ?, ?, ?, ?, ?, ?, ?)
2026-04-09 05:35:03 DEBUG [http-nio-8080-exec-7] org.hibernate.SQL - 
    insert 
    into
        emi_schedule
        (amount_paid, due_date, installment_no, interest_component, loan_id, paid_date, principal_component, remaining_balance, status, total_emi, emi_id) 
    values
        (?, ?, ?, ?, ?, ?, ?, ?, ?, ?, ?)
2026-04-09 05:35:03 DEBUG [http-nio-8080-exec-7] org.hibernate.SQL - 
    insert 
    into
        emi_schedule
        (amount_paid, due_date, installment_no, interest_component, loan_id, paid_date, principal_component, remaining_balance, status, total_emi, emi_id) 
    values
        (?, ?, ?, ?, ?, ?, ?, ?, ?, ?, ?)
2026-04-09 05:35:03 DEBUG [http-nio-8080-exec-7] org.hibernate.SQL - 
    insert 
    into
        emi_schedule
        (amount_paid, due_date, installment_no, interest_component, loan_id, paid_date, principal_component, remaining_balance, status, total_emi, emi_id) 
    values
        (?, ?, ?, ?, ?, ?, ?, ?, ?, ?, ?)
2026-04-09 05:35:03 DEBUG [http-nio-8080-exec-7] org.hibernate.SQL - 
    insert 
    into
        emi_schedule
        (amount_paid, due_date, installment_no, interest_component, loan_id, paid_date, principal_component, remaining_balance, status, total_emi, emi_id) 
    values
        (?, ?, ?, ?, ?, ?, ?, ?, ?, ?, ?)
2026-04-09 05:35:03 DEBUG [http-nio-8080-exec-7] org.hibernate.SQL - 
    insert 
    into
        emi_schedule
        (amount_paid, due_date, installment_no, interest_component, loan_id, paid_date, principal_component, remaining_balance, status, total_emi, emi_id) 
    values
        (?, ?, ?, ?, ?, ?, ?, ?, ?, ?, ?)
2026-04-09 05:35:03 DEBUG [http-nio-8080-exec-7] org.hibernate.SQL - 
    insert 
    into
        emi_schedule
        (amount_paid, due_date, installment_no, interest_component, loan_id, paid_date, principal_component, remaining_balance, status, total_emi, emi_id) 
    values
        (?, ?, ?, ?, ?, ?, ?, ?, ?, ?, ?)
2026-04-09 05:35:03 DEBUG [http-nio-8080-exec-7] org.hibernate.SQL - 
    insert 
    into
        emi_schedule
        (amount_paid, due_date, installment_no, interest_component, loan_id, paid_date, principal_component, remaining_balance, status, total_emi, emi_id) 
    values
        (?, ?, ?, ?, ?, ?, ?, ?, ?, ?, ?)
2026-04-09 05:35:03 DEBUG [http-nio-8080-exec-7] org.hibernate.SQL - 
    insert 
    into
        emi_schedule
        (amount_paid, due_date, installment_no, interest_component, loan_id, paid_date, principal_component, remaining_balance, status, total_emi, emi_id) 
    values
        (?, ?, ?, ?, ?, ?, ?, ?, ?, ?, ?)
2026-04-09 05:35:03 DEBUG [http-nio-8080-exec-7] org.hibernate.SQL - 
    insert 
    into
        emi_schedule
        (amount_paid, due_date, installment_no, interest_component, loan_id, paid_date, principal_component, remaining_balance, status, total_emi, emi_id) 
    values
        (?, ?, ?, ?, ?, ?, ?, ?, ?, ?, ?)
2026-04-09 05:35:03 DEBUG [http-nio-8080-exec-7] org.hibernate.SQL - 
    insert 
    into
        emi_schedule
        (amount_paid, due_date, installment_no, interest_component, loan_id, paid_date, principal_component, remaining_balance, status, total_emi, emi_id) 
    values
        (?, ?, ?, ?, ?, ?, ?, ?, ?, ?, ?)
2026-04-09 05:35:03 DEBUG [http-nio-8080-exec-7] org.hibernate.SQL - 
    insert 
    into
        emi_schedule
        (amount_paid, due_date, installment_no, interest_component, loan_id, paid_date, principal_component, remaining_balance, status, total_emi, emi_id) 
    values
        (?, ?, ?, ?, ?, ?, ?, ?, ?, ?, ?)
2026-04-09 05:35:03 DEBUG [http-nio-8080-exec-7] org.hibernate.SQL - 
    insert 
    into
        emi_schedule
        (amount_paid, due_date, installment_no, interest_component, loan_id, paid_date, principal_component, remaining_balance, status, total_emi, emi_id) 
    values
        (?, ?, ?, ?, ?, ?, ?, ?, ?, ?, ?)
2026-04-09 05:35:03 DEBUG [http-nio-8080-exec-7] org.hibernate.SQL - 
    insert 
    into
        emi_schedule
        (amount_paid, due_date, installment_no, interest_component, loan_id, paid_date, principal_component, remaining_balance, status, total_emi, emi_id) 
    values
        (?, ?, ?, ?, ?, ?, ?, ?, ?, ?, ?)
2026-04-09 05:35:03 DEBUG [http-nio-8080-exec-7] org.hibernate.SQL - 
    insert 
    into
        emi_schedule
        (amount_paid, due_date, installment_no, interest_component, loan_id, paid_date, principal_component, remaining_balance, status, total_emi, emi_id) 
    values
        (?, ?, ?, ?, ?, ?, ?, ?, ?, ?, ?)
2026-04-09 05:35:03 DEBUG [http-nio-8080-exec-7] org.hibernate.SQL - 
    insert 
    into
        emi_schedule
        (amount_paid, due_date, installment_no, interest_component, loan_id, paid_date, principal_component, remaining_balance, status, total_emi, emi_id) 
    values
        (?, ?, ?, ?, ?, ?, ?, ?, ?, ?, ?)
2026-04-09 05:35:03 DEBUG [EmailSender-1] org.hibernate.SQL - 
    insert 
    into
        audit_logs
        (action, action_time, actor_id, description, entity_id, entity_type, new_value, old_value, audit_id) 
    values
        (?, ?, ?, ?, ?, ?, ?, ?, ?)
2026-04-09 05:35:03 DEBUG [AuditLogger-3] org.hibernate.SQL - 
    insert 
    into
        audit_logs
        (action, action_time, actor_id, description, entity_id, entity_type, new_value, old_value, audit_id) 
    values
        (?, ?, ?, ?, ?, ?, ?, ?, ?)
2026-04-09 05:35:03 DEBUG [http-nio-8080-exec-7] org.hibernate.SQL - 
    update
        loans 
    set
        application_id=?,
        user_id=?,
        emi_amount=?,
        end_date=?,
        interest_rate=?,
        loan_status=?,
        principal_amount=?,
        start_date=?,
        strategy=?,
        tenure_months=? 
    where
        loan_id=?
2026-04-09 05:35:15 DEBUG [EmailSender-2] org.hibernate.SQL - 
    insert 
    into
        notifications
        (deleted_at, deleted_by, email, emi_id, is_deleted, loan_id, message, sent_at, status, subject, user_id, notification_id) 
    values
        (?, ?, ?, ?, ?, ?, ?, ?, ?, ?, ?, ?)
2026-04-09 05:36:18 DEBUG [http-nio-8080-exec-10] org.hibernate.SQL - 
    select
        u1_0.user_id,
        u1_0.created_at,
        u1_0.deleted_at,
        u1_0.deleted_by,
        u1_0.email,
        u1_0.first_name,
        u1_0.is_active,
        u1_0.is_deleted,
        u1_0.last_name,
        u1_0.password,
        u1_0.person_id,
        u1_0.phone,
        u1_0.role_id,
        u1_0.updated_at,
        u1_0.user_code 
    from
        users u1_0 
    where
        (
            u1_0.is_deleted = false
        ) 
        and u1_0.email=?
2026-04-09 05:36:18 DEBUG [http-nio-8080-exec-10] org.hibernate.SQL - 
    select
        r1_0.role_id,
        r1_0.created_at,
        r1_0.description,
        r1_0.role_name 
    from
        roles r1_0 
    where
        r1_0.role_id=?
2026-04-09 05:36:18 DEBUG [http-nio-8080-exec-10] org.hibernate.SQL - 
    select
        l1_0.loan_id,
        l1_0.application_id,
        l1_0.user_id,
        l1_0.created_at,
        l1_0.emi_amount,
        l1_0.end_date,
        l1_0.interest_rate,
        l1_0.loan_code,
        l1_0.loan_status,
        l1_0.principal_amount,
        l1_0.start_date,
        l1_0.strategy,
        l1_0.tenure_months 
    from
        loans l1_0 
    where
        l1_0.loan_code=?
2026-04-09 05:36:18 DEBUG [http-nio-8080-exec-10] org.hibernate.SQL - 
    select
        u1_0.user_id,
        u1_0.created_at,
        u1_0.deleted_at,
        u1_0.deleted_by,
        u1_0.email,
        u1_0.first_name,
        u1_0.is_active,
        u1_0.is_deleted,
        u1_0.last_name,
        u1_0.password,
        u1_0.person_id,
        u1_0.phone,
        u1_0.role_id,
        u1_0.updated_at,
        u1_0.user_code 
    from
        users u1_0 
    where
        (
            u1_0.is_deleted = false
        ) 
        and u1_0.email=?
2026-04-09 05:36:18 DEBUG [http-nio-8080-exec-10] org.hibernate.SQL - 
    select
        r1_0.role_id,
        r1_0.created_at,
        r1_0.description,
        r1_0.role_name 
    from
        roles r1_0 
    where
        r1_0.role_id=?
2026-04-09 05:36:18 DEBUG [http-nio-8080-exec-10] org.hibernate.SQL - 
    select
        u1_0.user_id,
        u1_0.created_at,
        u1_0.deleted_at,
        u1_0.deleted_by,
        u1_0.email,
        u1_0.first_name,
        u1_0.is_active,
        u1_0.is_deleted,
        u1_0.last_name,
        u1_0.password,
        u1_0.person_id,
        u1_0.phone,
        u1_0.role_id,
        r1_0.role_id,
        r1_0.created_at,
        r1_0.description,
        r1_0.role_name,
        u1_0.updated_at,
        u1_0.user_code 
    from
        users u1_0 
    join
        roles r1_0 
            on r1_0.role_id=u1_0.role_id 
    where
        u1_0.user_id=? 
        and (
            u1_0.is_deleted = false
        )
2026-04-09 05:36:18 DEBUG [http-nio-8080-exec-10] org.hibernate.SQL - 
    select
        es1_0.emi_id,
        es1_0.amount_paid,
        es1_0.due_date,
        es1_0.emi_code,
        es1_0.installment_no,
        es1_0.interest_component,
        es1_0.loan_id,
        es1_0.paid_date,
        es1_0.principal_component,
        es1_0.remaining_balance,
        es1_0.status,
        es1_0.total_emi 
    from
        emi_schedule es1_0 
    where
        es1_0.loan_id=? 
    order by
        es1_0.installment_no 
    fetch
        first ? rows only
2026-04-09 05:36:18 DEBUG [http-nio-8080-exec-10] org.hibernate.SQL - 
    select
        count(*) 
    from
        emi_schedule es1_0 
    where
        es1_0.loan_id=?
2026-04-09 05:37:27 DEBUG [http-nio-8080-exec-4] org.hibernate.SQL - 
    select
        u1_0.user_id,
        u1_0.created_at,
        u1_0.deleted_at,
        u1_0.deleted_by,
        u1_0.email,
        u1_0.first_name,
        u1_0.is_active,
        u1_0.is_deleted,
        u1_0.last_name,
        u1_0.password,
        u1_0.person_id,
        u1_0.phone,
        u1_0.role_id,
        u1_0.updated_at,
        u1_0.user_code 
    from
        users u1_0 
    where
        (
            u1_0.is_deleted = false
        ) 
        and u1_0.email=?
2026-04-09 05:37:27 DEBUG [http-nio-8080-exec-4] org.hibernate.SQL - 
    select
        r1_0.role_id,
        r1_0.created_at,
        r1_0.description,
        r1_0.role_name 
    from
        roles r1_0 
    where
        r1_0.role_id=?
2026-04-09 05:37:28 DEBUG [http-nio-8080-exec-4] org.hibernate.SQL - 
    select
        u1_0.user_id,
        u1_0.created_at,
        u1_0.deleted_at,
        u1_0.deleted_by,
        u1_0.email,
        u1_0.first_name,
        u1_0.is_active,
        u1_0.is_deleted,
        u1_0.last_name,
        u1_0.password,
        u1_0.person_id,
        u1_0.phone,
        u1_0.role_id,
        u1_0.updated_at,
        u1_0.user_code 
    from
        users u1_0 
    where
        (
            u1_0.is_deleted = false
        ) 
        and u1_0.email=?
2026-04-09 05:37:28 DEBUG [http-nio-8080-exec-4] org.hibernate.SQL - 
    select
        r1_0.role_id,
        r1_0.created_at,
        r1_0.description,
        r1_0.role_name 
    from
        roles r1_0 
    where
        r1_0.role_id=?
2026-04-09 05:37:28 DEBUG [http-nio-8080-exec-4] org.hibernate.SQL - 
    select
        l1_0.loan_id,
        l1_0.application_id,
        l1_0.user_id,
        l1_0.created_at,
        l1_0.emi_amount,
        l1_0.end_date,
        l1_0.interest_rate,
        l1_0.loan_code,
        l1_0.loan_status,
        l1_0.principal_amount,
        l1_0.start_date,
        l1_0.strategy,
        l1_0.tenure_months 
    from
        loans l1_0 
    where
        l1_0.loan_code=?
2026-04-09 05:37:28 DEBUG [http-nio-8080-exec-4] org.hibernate.SQL - 
    select
        la1_0.application_id,
        la1_0.application_code,
        la1_0.applied_at,
        la1_0.user_id,
        la1_0.deleted_at,
        la1_0.deleted_by,
        la1_0.dti_ratio,
        la1_0.existing_emi,
        la1_0.interest_rate,
        la1_0.is_deleted,
        la1_0.officer_strategy,
        la1_0.requested_amount,
        la1_0.reviewed_at,
        la1_0.reviewed_by,
        la1_0.status,
        la1_0.suggested_strategy,
        la1_0.tenure_months 
    from
        loan_applications la1_0 
    where
        la1_0.application_id=? 
        and (
            la1_0.is_deleted = false
        )
2026-04-09 05:37:28 DEBUG [http-nio-8080-exec-4] org.hibernate.SQL - 
    select
        u1_0.user_id,
        u1_0.created_at,
        u1_0.deleted_at,
        u1_0.deleted_by,
        u1_0.email,
        u1_0.first_name,
        u1_0.is_active,
        u1_0.is_deleted,
        u1_0.last_name,
        u1_0.password,
        u1_0.person_id,
        u1_0.phone,
        u1_0.role_id,
        r1_0.role_id,
        r1_0.created_at,
        r1_0.description,
        r1_0.role_name,
        u1_0.updated_at,
        u1_0.user_code 
    from
        users u1_0 
    join
        roles r1_0 
            on r1_0.role_id=u1_0.role_id 
    where
        u1_0.user_id=? 
        and (
            u1_0.is_deleted = false
        )
2026-04-09 05:38:12 DEBUG [http-nio-8080-exec-5] org.hibernate.SQL - 
    select
        u1_0.user_id,
        u1_0.created_at,
        u1_0.deleted_at,
        u1_0.deleted_by,
        u1_0.email,
        u1_0.first_name,
        u1_0.is_active,
        u1_0.is_deleted,
        u1_0.last_name,
        u1_0.password,
        u1_0.person_id,
        u1_0.phone,
        u1_0.role_id,
        u1_0.updated_at,
        u1_0.user_code 
    from
        users u1_0 
    where
        (
            u1_0.is_deleted = false
        ) 
        and u1_0.email=?
2026-04-09 05:38:12 DEBUG [http-nio-8080-exec-5] org.hibernate.SQL - 
    select
        r1_0.role_id,
        r1_0.created_at,
        r1_0.description,
        r1_0.role_name 
    from
        roles r1_0 
    where
        r1_0.role_id=?
2026-04-09 05:38:12 DEBUG [http-nio-8080-exec-5] org.hibernate.SQL - 
    select
        u1_0.user_id,
        u1_0.created_at,
        u1_0.deleted_at,
        u1_0.deleted_by,
        u1_0.email,
        u1_0.first_name,
        u1_0.is_active,
        u1_0.is_deleted,
        u1_0.last_name,
        u1_0.password,
        u1_0.person_id,
        u1_0.phone,
        u1_0.role_id,
        u1_0.updated_at,
        u1_0.user_code 
    from
        users u1_0 
    where
        (
            u1_0.is_deleted = false
        ) 
        and u1_0.email=?
2026-04-09 05:38:12 DEBUG [http-nio-8080-exec-5] org.hibernate.SQL - 
    select
        r1_0.role_id,
        r1_0.created_at,
        r1_0.description,
        r1_0.role_name 
    from
        roles r1_0 
    where
        r1_0.role_id=?
2026-04-09 05:38:12 DEBUG [http-nio-8080-exec-5] org.hibernate.SQL - 
    select
        la1_0.application_id,
        la1_0.application_code,
        la1_0.applied_at,
        la1_0.user_id,
        la1_0.deleted_at,
        la1_0.deleted_by,
        la1_0.dti_ratio,
        la1_0.existing_emi,
        la1_0.interest_rate,
        la1_0.is_deleted,
        la1_0.officer_strategy,
        la1_0.requested_amount,
        la1_0.reviewed_at,
        la1_0.reviewed_by,
        la1_0.status,
        la1_0.suggested_strategy,
        la1_0.tenure_months 
    from
        loan_applications la1_0 
    where
        (
            la1_0.is_deleted = false
        ) 
    order by
        la1_0.applied_at desc 
    offset
        ? rows 
    fetch
        first ? rows only
2026-04-09 05:38:12 DEBUG [http-nio-8080-exec-5] org.hibernate.SQL - 
    select
        count(la1_0.application_id) 
    from
        loan_applications la1_0 
    where
        (
            la1_0.is_deleted = false
        )
2026-04-09 05:38:12 DEBUG [http-nio-8080-exec-5] org.hibernate.SQL - 
    select
        u1_0.user_id,
        u1_0.created_at,
        u1_0.deleted_at,
        u1_0.deleted_by,
        u1_0.email,
        u1_0.first_name,
        u1_0.is_active,
        u1_0.is_deleted,
        u1_0.last_name,
        u1_0.password,
        u1_0.person_id,
        u1_0.phone,
        u1_0.role_id,
        r1_0.role_id,
        r1_0.created_at,
        r1_0.description,
        r1_0.role_name,
        u1_0.updated_at,
        u1_0.user_code 
    from
        users u1_0 
    join
        roles r1_0 
            on r1_0.role_id=u1_0.role_id 
    where
        u1_0.user_id=? 
        and (
            u1_0.is_deleted = false
        )
2026-04-09 05:38:12 DEBUG [http-nio-8080-exec-5] org.hibernate.SQL - 
    select
        u1_0.user_id,
        u1_0.created_at,
        u1_0.deleted_at,
        u1_0.deleted_by,
        u1_0.email,
        u1_0.first_name,
        u1_0.is_active,
        u1_0.is_deleted,
        u1_0.last_name,
        u1_0.password,
        u1_0.person_id,
        u1_0.phone,
        u1_0.role_id,
        r1_0.role_id,
        r1_0.created_at,
        r1_0.description,
        r1_0.role_name,
        u1_0.updated_at,
        u1_0.user_code 
    from
        users u1_0 
    join
        roles r1_0 
            on r1_0.role_id=u1_0.role_id 
    where
        u1_0.user_id=? 
        and (
            u1_0.is_deleted = false
        )
2026-04-09 05:38:12 DEBUG [http-nio-8080-exec-5] org.hibernate.SQL - 
    select
        u1_0.user_id,
        u1_0.created_at,
        u1_0.deleted_at,
        u1_0.deleted_by,
        u1_0.email,
        u1_0.first_name,
        u1_0.is_active,
        u1_0.is_deleted,
        u1_0.last_name,
        u1_0.password,
        u1_0.person_id,
        u1_0.phone,
        u1_0.role_id,
        r1_0.role_id,
        r1_0.created_at,
        r1_0.description,
        r1_0.role_name,
        u1_0.updated_at,
        u1_0.user_code 
    from
        users u1_0 
    join
        roles r1_0 
            on r1_0.role_id=u1_0.role_id 
    where
        u1_0.user_id=? 
        and (
            u1_0.is_deleted = false
        )
2026-04-09 05:38:12 DEBUG [http-nio-8080-exec-5] org.hibernate.SQL - 
    select
        u1_0.user_id,
        u1_0.created_at,
        u1_0.deleted_at,
        u1_0.deleted_by,
        u1_0.email,
        u1_0.first_name,
        u1_0.is_active,
        u1_0.is_deleted,
        u1_0.last_name,
        u1_0.password,
        u1_0.person_id,
        u1_0.phone,
        u1_0.role_id,
        r1_0.role_id,
        r1_0.created_at,
        r1_0.description,
        r1_0.role_name,
        u1_0.updated_at,
        u1_0.user_code 
    from
        users u1_0 
    join
        roles r1_0 
            on r1_0.role_id=u1_0.role_id 
    where
        u1_0.user_id=? 
        and (
            u1_0.is_deleted = false
        )
2026-04-09 05:38:12 DEBUG [http-nio-8080-exec-5] org.hibernate.SQL - 
    select
        u1_0.user_id,
        u1_0.created_at,
        u1_0.deleted_at,
        u1_0.deleted_by,
        u1_0.email,
        u1_0.first_name,
        u1_0.is_active,
        u1_0.is_deleted,
        u1_0.last_name,
        u1_0.password,
        u1_0.person_id,
        u1_0.phone,
        u1_0.role_id,
        r1_0.role_id,
        r1_0.created_at,
        r1_0.description,
        r1_0.role_name,
        u1_0.updated_at,
        u1_0.user_code 
    from
        users u1_0 
    join
        roles r1_0 
            on r1_0.role_id=u1_0.role_id 
    where
        u1_0.user_id=? 
        and (
            u1_0.is_deleted = false
        )
2026-04-09 05:38:12 DEBUG [http-nio-8080-exec-5] org.hibernate.SQL - 
    select
        u1_0.user_id,
        u1_0.created_at,
        u1_0.deleted_at,
        u1_0.deleted_by,
        u1_0.email,
        u1_0.first_name,
        u1_0.is_active,
        u1_0.is_deleted,
        u1_0.last_name,
        u1_0.password,
        u1_0.person_id,
        u1_0.phone,
        u1_0.role_id,
        r1_0.role_id,
        r1_0.created_at,
        r1_0.description,
        r1_0.role_name,
        u1_0.updated_at,
        u1_0.user_code 
    from
        users u1_0 
    join
        roles r1_0 
            on r1_0.role_id=u1_0.role_id 
    where
        u1_0.user_id=? 
        and (
            u1_0.is_deleted = false
        )
2026-04-09 05:38:12 DEBUG [http-nio-8080-exec-5] org.hibernate.SQL - 
    select
        u1_0.user_id,
        u1_0.created_at,
        u1_0.deleted_at,
        u1_0.deleted_by,
        u1_0.email,
        u1_0.first_name,
        u1_0.is_active,
        u1_0.is_deleted,
        u1_0.last_name,
        u1_0.password,
        u1_0.person_id,
        u1_0.phone,
        u1_0.role_id,
        r1_0.role_id,
        r1_0.created_at,
        r1_0.description,
        r1_0.role_name,
        u1_0.updated_at,
        u1_0.user_code 
    from
        users u1_0 
    join
        roles r1_0 
            on r1_0.role_id=u1_0.role_id 
    where
        u1_0.user_id=? 
        and (
            u1_0.is_deleted = false
        )
2026-04-09 05:38:12 DEBUG [http-nio-8080-exec-5] org.hibernate.SQL - 
    select
        u1_0.user_id,
        u1_0.created_at,
        u1_0.deleted_at,
        u1_0.deleted_by,
        u1_0.email,
        u1_0.first_name,
        u1_0.is_active,
        u1_0.is_deleted,
        u1_0.last_name,
        u1_0.password,
        u1_0.person_id,
        u1_0.phone,
        u1_0.role_id,
        r1_0.role_id,
        r1_0.created_at,
        r1_0.description,
        r1_0.role_name,
        u1_0.updated_at,
        u1_0.user_code 
    from
        users u1_0 
    join
        roles r1_0 
            on r1_0.role_id=u1_0.role_id 
    where
        u1_0.user_id=? 
        and (
            u1_0.is_deleted = false
        )
2026-04-09 05:38:12 DEBUG [http-nio-8080-exec-5] org.hibernate.SQL - 
    select
        u1_0.user_id,
        u1_0.created_at,
        u1_0.deleted_at,
        u1_0.deleted_by,
        u1_0.email,
        u1_0.first_name,
        u1_0.is_active,
        u1_0.is_deleted,
        u1_0.last_name,
        u1_0.password,
        u1_0.person_id,
        u1_0.phone,
        u1_0.role_id,
        r1_0.role_id,
        r1_0.created_at,
        r1_0.description,
        r1_0.role_name,
        u1_0.updated_at,
        u1_0.user_code 
    from
        users u1_0 
    join
        roles r1_0 
            on r1_0.role_id=u1_0.role_id 
    where
        u1_0.user_id=? 
        and (
            u1_0.is_deleted = false
        )
2026-04-09 05:38:12 DEBUG [http-nio-8080-exec-5] org.hibernate.SQL - 
    select
        u1_0.user_id,
        u1_0.created_at,
        u1_0.deleted_at,
        u1_0.deleted_by,
        u1_0.email,
        u1_0.first_name,
        u1_0.is_active,
        u1_0.is_deleted,
        u1_0.last_name,
        u1_0.password,
        u1_0.person_id,
        u1_0.phone,
        u1_0.role_id,
        r1_0.role_id,
        r1_0.created_at,
        r1_0.description,
        r1_0.role_name,
        u1_0.updated_at,
        u1_0.user_code 
    from
        users u1_0 
    join
        roles r1_0 
            on r1_0.role_id=u1_0.role_id 
    where
        u1_0.user_id=? 
        and (
            u1_0.is_deleted = false
        )
2026-04-09 05:38:12 DEBUG [http-nio-8080-exec-5] org.hibernate.SQL - 
    select
        u1_0.user_id,
        u1_0.created_at,
        u1_0.deleted_at,
        u1_0.deleted_by,
        u1_0.email,
        u1_0.first_name,
        u1_0.is_active,
        u1_0.is_deleted,
        u1_0.last_name,
        u1_0.password,
        u1_0.person_id,
        u1_0.phone,
        u1_0.role_id,
        r1_0.role_id,
        r1_0.created_at,
        r1_0.description,
        r1_0.role_name,
        u1_0.updated_at,
        u1_0.user_code 
    from
        users u1_0 
    join
        roles r1_0 
            on r1_0.role_id=u1_0.role_id 
    where
        u1_0.user_id=? 
        and (
            u1_0.is_deleted = false
        )
2026-04-09 05:38:12 DEBUG [http-nio-8080-exec-5] org.hibernate.SQL - 
    select
        u1_0.user_id,
        u1_0.created_at,
        u1_0.deleted_at,
        u1_0.deleted_by,
        u1_0.email,
        u1_0.first_name,
        u1_0.is_active,
        u1_0.is_deleted,
        u1_0.last_name,
        u1_0.password,
        u1_0.person_id,
        u1_0.phone,
        u1_0.role_id,
        r1_0.role_id,
        r1_0.created_at,
        r1_0.description,
        r1_0.role_name,
        u1_0.updated_at,
        u1_0.user_code 
    from
        users u1_0 
    join
        roles r1_0 
            on r1_0.role_id=u1_0.role_id 
    where
        u1_0.user_id=? 
        and (
            u1_0.is_deleted = false
        )
2026-04-09 05:38:55 INFO  [background-preinit] o.h.validator.internal.util.Version - HV000001: Hibernate Validator 9.0.1.Final
2026-04-09 05:39:09 INFO  [main] org.hibernate.orm.jpa - HHH008540: Processing PersistenceUnitInfo [name: default]
2026-04-09 05:39:10 INFO  [main] org.hibernate.orm.core - HHH000001: Hibernate ORM core version 7.2.7.Final
2026-04-09 05:39:25 WARN  [main] org.hibernate.orm.deprecation - HHH90000021: Encountered deprecated setting [hibernate.temp.use_jdbc_metadata_defaults], use [hibernate.boot.allow_jdbc_metadata_access] instead
2026-04-09 05:39:25 WARN  [main] org.hibernate.orm.deprecation - HHH90000025: PostgreSQLDialect does not need to be specified explicitly using 'hibernate.dialect' (remove the property setting and it will be selected by default)
2026-04-09 05:39:25 INFO  [main] o.hibernate.orm.connections.pooling - HHH10001005: Database info:
	Database JDBC URL [undefined/unknown]
	Database driver: undefined/unknown
	Database dialect: PostgreSQLDialect
	Database version: 13.0
	Default catalog/schema: unknown/unknown
	Autocommit mode: undefined/unknown
	Isolation level: <unknown>
	JDBC fetch size: undefined/unknown
	Pool: undefined/unknown
	Minimum pool size: undefined/unknown
	Maximum pool size: undefined/unknown
2026-04-09 05:39:31 INFO  [main] org.hibernate.orm.core - HHH000489: No JTA platform available (set 'hibernate.transaction.jta.platform' to enable JTA platform integration)
2026-04-09 05:39:41 DEBUG [main] org.hibernate.SQL - 
    select
        count(*) 
    from
        users u1_0 
    where
        (
            u1_0.is_deleted = false
        )
2026-04-09 05:39:41 DEBUG [main] org.hibernate.SQL - 
    select
        count(*) 
    from
        loans l1_0
2026-04-09 05:39:41 DEBUG [main] org.hibernate.SQL - 
    select
        count(*) 
    from
        payments p1_0
2026-04-09 05:39:41 DEBUG [main] org.hibernate.SQL - 
    select
        r1_0.role_id,
        r1_0.created_at,
        r1_0.description,
        r1_0.role_name 
    from
        roles r1_0 
    where
        r1_0.role_name=?
2026-04-09 05:39:41 DEBUG [main] org.hibernate.SQL - 
    select
        r1_0.role_id,
        r1_0.created_at,
        r1_0.description,
        r1_0.role_name 
    from
        roles r1_0 
    where
        r1_0.role_name=?
2026-04-09 05:39:41 DEBUG [main] org.hibernate.SQL - 
    select
        r1_0.role_id,
        r1_0.created_at,
        r1_0.description,
        r1_0.role_name 
    from
        roles r1_0 
    where
        r1_0.role_name=?
2026-04-09 05:39:41 DEBUG [main] org.hibernate.SQL - 
    select
        u1_0.user_id,
        u1_0.created_at,
        u1_0.deleted_at,
        u1_0.deleted_by,
        u1_0.email,
        u1_0.first_name,
        u1_0.is_active,
        u1_0.is_deleted,
        u1_0.last_name,
        u1_0.password,
        u1_0.person_id,
        u1_0.phone,
        u1_0.role_id,
        u1_0.updated_at,
        u1_0.user_code 
    from
        users u1_0 
    where
        (
            u1_0.is_deleted = false
        ) 
        and u1_0.email=?
2026-04-09 05:40:00 DEBUG [scheduling-1] org.hibernate.SQL - 
    delete 
    from
        otp_tokens ot1_0 
    where
        ot1_0.expiry_time<?
2026-04-09 05:40:00 DEBUG [scheduling-1] org.hibernate.SQL - 
    DELETE 
    FROM
        users 
    WHERE
        is_active = false 
        AND is_deleted = false 
        AND created_at < ?
2026-04-09 05:40:35 DEBUG [http-nio-8080-exec-2] org.hibernate.SQL - 
    select
        u1_0.user_id,
        u1_0.created_at,
        u1_0.deleted_at,
        u1_0.deleted_by,
        u1_0.email,
        u1_0.first_name,
        u1_0.is_active,
        u1_0.is_deleted,
        u1_0.last_name,
        u1_0.password,
        u1_0.person_id,
        u1_0.phone,
        u1_0.role_id,
        u1_0.updated_at,
        u1_0.user_code 
    from
        users u1_0 
    where
        (
            u1_0.is_deleted = false
        ) 
        and u1_0.email=?
2026-04-09 05:40:35 DEBUG [http-nio-8080-exec-2] org.hibernate.SQL - 
    select
        r1_0.role_id,
        r1_0.created_at,
        r1_0.description,
        r1_0.role_name 
    from
        roles r1_0 
    where
        r1_0.role_id=?
2026-04-09 05:40:35 DEBUG [http-nio-8080-exec-2] org.hibernate.SQL - 
    select
        u1_0.user_id,
        u1_0.created_at,
        u1_0.deleted_at,
        u1_0.deleted_by,
        u1_0.email,
        u1_0.first_name,
        u1_0.is_active,
        u1_0.is_deleted,
        u1_0.last_name,
        u1_0.password,
        u1_0.person_id,
        u1_0.phone,
        u1_0.role_id,
        u1_0.updated_at,
        u1_0.user_code 
    from
        users u1_0 
    where
        (
            u1_0.is_deleted = false
        ) 
        and u1_0.email=?
2026-04-09 05:40:35 DEBUG [http-nio-8080-exec-2] org.hibernate.SQL - 
    select
        r1_0.role_id,
        r1_0.created_at,
        r1_0.description,
        r1_0.role_name 
    from
        roles r1_0 
    where
        r1_0.role_id=?
2026-04-09 05:40:36 DEBUG [http-nio-8080-exec-2] org.hibernate.SQL - 
    select
        la1_0.application_id,
        la1_0.application_code,
        la1_0.applied_at,
        la1_0.user_id,
        la1_0.deleted_at,
        la1_0.deleted_by,
        la1_0.dti_ratio,
        la1_0.existing_emi,
        la1_0.interest_rate,
        la1_0.is_deleted,
        la1_0.officer_strategy,
        la1_0.requested_amount,
        la1_0.reviewed_at,
        la1_0.reviewed_by,
        la1_0.status,
        la1_0.suggested_strategy,
        la1_0.tenure_months 
    from
        loan_applications la1_0 
    where
        (
            la1_0.is_deleted = false
        ) 
    order by
        la1_0.applied_at desc 
    offset
        ? rows 
    fetch
        first ? rows only
2026-04-09 05:40:36 DEBUG [http-nio-8080-exec-2] org.hibernate.SQL - 
    select
        count(la1_0.application_id) 
    from
        loan_applications la1_0 
    where
        (
            la1_0.is_deleted = false
        )
2026-04-09 05:40:36 DEBUG [http-nio-8080-exec-2] org.hibernate.SQL - 
    select
        u1_0.user_id,
        u1_0.created_at,
        u1_0.deleted_at,
        u1_0.deleted_by,
        u1_0.email,
        u1_0.first_name,
        u1_0.is_active,
        u1_0.is_deleted,
        u1_0.last_name,
        u1_0.password,
        u1_0.person_id,
        u1_0.phone,
        u1_0.role_id,
        r1_0.role_id,
        r1_0.created_at,
        r1_0.description,
        r1_0.role_name,
        u1_0.updated_at,
        u1_0.user_code 
    from
        users u1_0 
    join
        roles r1_0 
            on r1_0.role_id=u1_0.role_id 
    where
        u1_0.user_id=? 
        and (
            u1_0.is_deleted = false
        )
2026-04-09 05:40:36 DEBUG [http-nio-8080-exec-2] org.hibernate.SQL - 
    select
        u1_0.user_id,
        u1_0.created_at,
        u1_0.deleted_at,
        u1_0.deleted_by,
        u1_0.email,
        u1_0.first_name,
        u1_0.is_active,
        u1_0.is_deleted,
        u1_0.last_name,
        u1_0.password,
        u1_0.person_id,
        u1_0.phone,
        u1_0.role_id,
        r1_0.role_id,
        r1_0.created_at,
        r1_0.description,
        r1_0.role_name,
        u1_0.updated_at,
        u1_0.user_code 
    from
        users u1_0 
    join
        roles r1_0 
            on r1_0.role_id=u1_0.role_id 
    where
        u1_0.user_id=? 
        and (
            u1_0.is_deleted = false
        )
2026-04-09 05:40:36 DEBUG [http-nio-8080-exec-2] org.hibernate.SQL - 
    select
        u1_0.user_id,
        u1_0.created_at,
        u1_0.deleted_at,
        u1_0.deleted_by,
        u1_0.email,
        u1_0.first_name,
        u1_0.is_active,
        u1_0.is_deleted,
        u1_0.last_name,
        u1_0.password,
        u1_0.person_id,
        u1_0.phone,
        u1_0.role_id,
        r1_0.role_id,
        r1_0.created_at,
        r1_0.description,
        r1_0.role_name,
        u1_0.updated_at,
        u1_0.user_code 
    from
        users u1_0 
    join
        roles r1_0 
            on r1_0.role_id=u1_0.role_id 
    where
        u1_0.user_id=? 
        and (
            u1_0.is_deleted = false
        )
2026-04-09 05:40:36 DEBUG [http-nio-8080-exec-2] org.hibernate.SQL - 
    select
        u1_0.user_id,
        u1_0.created_at,
        u1_0.deleted_at,
        u1_0.deleted_by,
        u1_0.email,
        u1_0.first_name,
        u1_0.is_active,
        u1_0.is_deleted,
        u1_0.last_name,
        u1_0.password,
        u1_0.person_id,
        u1_0.phone,
        u1_0.role_id,
        r1_0.role_id,
        r1_0.created_at,
        r1_0.description,
        r1_0.role_name,
        u1_0.updated_at,
        u1_0.user_code 
    from
        users u1_0 
    join
        roles r1_0 
            on r1_0.role_id=u1_0.role_id 
    where
        u1_0.user_id=? 
        and (
            u1_0.is_deleted = false
        )
2026-04-09 05:40:36 DEBUG [http-nio-8080-exec-2] org.hibernate.SQL - 
    select
        u1_0.user_id,
        u1_0.created_at,
        u1_0.deleted_at,
        u1_0.deleted_by,
        u1_0.email,
        u1_0.first_name,
        u1_0.is_active,
        u1_0.is_deleted,
        u1_0.last_name,
        u1_0.password,
        u1_0.person_id,
        u1_0.phone,
        u1_0.role_id,
        r1_0.role_id,
        r1_0.created_at,
        r1_0.description,
        r1_0.role_name,
        u1_0.updated_at,
        u1_0.user_code 
    from
        users u1_0 
    join
        roles r1_0 
            on r1_0.role_id=u1_0.role_id 
    where
        u1_0.user_id=? 
        and (
            u1_0.is_deleted = false
        )
2026-04-09 05:40:36 DEBUG [http-nio-8080-exec-2] org.hibernate.SQL - 
    select
        u1_0.user_id,
        u1_0.created_at,
        u1_0.deleted_at,
        u1_0.deleted_by,
        u1_0.email,
        u1_0.first_name,
        u1_0.is_active,
        u1_0.is_deleted,
        u1_0.last_name,
        u1_0.password,
        u1_0.person_id,
        u1_0.phone,
        u1_0.role_id,
        r1_0.role_id,
        r1_0.created_at,
        r1_0.description,
        r1_0.role_name,
        u1_0.updated_at,
        u1_0.user_code 
    from
        users u1_0 
    join
        roles r1_0 
            on r1_0.role_id=u1_0.role_id 
    where
        u1_0.user_id=? 
        and (
            u1_0.is_deleted = false
        )
2026-04-09 05:40:36 DEBUG [http-nio-8080-exec-2] org.hibernate.SQL - 
    select
        u1_0.user_id,
        u1_0.created_at,
        u1_0.deleted_at,
        u1_0.deleted_by,
        u1_0.email,
        u1_0.first_name,
        u1_0.is_active,
        u1_0.is_deleted,
        u1_0.last_name,
        u1_0.password,
        u1_0.person_id,
        u1_0.phone,
        u1_0.role_id,
        r1_0.role_id,
        r1_0.created_at,
        r1_0.description,
        r1_0.role_name,
        u1_0.updated_at,
        u1_0.user_code 
    from
        users u1_0 
    join
        roles r1_0 
            on r1_0.role_id=u1_0.role_id 
    where
        u1_0.user_id=? 
        and (
            u1_0.is_deleted = false
        )
2026-04-09 05:40:36 DEBUG [http-nio-8080-exec-2] org.hibernate.SQL - 
    select
        u1_0.user_id,
        u1_0.created_at,
        u1_0.deleted_at,
        u1_0.deleted_by,
        u1_0.email,
        u1_0.first_name,
        u1_0.is_active,
        u1_0.is_deleted,
        u1_0.last_name,
        u1_0.password,
        u1_0.person_id,
        u1_0.phone,
        u1_0.role_id,
        r1_0.role_id,
        r1_0.created_at,
        r1_0.description,
        r1_0.role_name,
        u1_0.updated_at,
        u1_0.user_code 
    from
        users u1_0 
    join
        roles r1_0 
            on r1_0.role_id=u1_0.role_id 
    where
        u1_0.user_id=? 
        and (
            u1_0.is_deleted = false
        )
2026-04-09 05:40:36 DEBUG [http-nio-8080-exec-2] org.hibernate.SQL - 
    select
        u1_0.user_id,
        u1_0.created_at,
        u1_0.deleted_at,
        u1_0.deleted_by,
        u1_0.email,
        u1_0.first_name,
        u1_0.is_active,
        u1_0.is_deleted,
        u1_0.last_name,
        u1_0.password,
        u1_0.person_id,
        u1_0.phone,
        u1_0.role_id,
        r1_0.role_id,
        r1_0.created_at,
        r1_0.description,
        r1_0.role_name,
        u1_0.updated_at,
        u1_0.user_code 
    from
        users u1_0 
    join
        roles r1_0 
            on r1_0.role_id=u1_0.role_id 
    where
        u1_0.user_id=? 
        and (
            u1_0.is_deleted = false
        )
2026-04-09 05:40:36 DEBUG [http-nio-8080-exec-2] org.hibernate.SQL - 
    select
        u1_0.user_id,
        u1_0.created_at,
        u1_0.deleted_at,
        u1_0.deleted_by,
        u1_0.email,
        u1_0.first_name,
        u1_0.is_active,
        u1_0.is_deleted,
        u1_0.last_name,
        u1_0.password,
        u1_0.person_id,
        u1_0.phone,
        u1_0.role_id,
        r1_0.role_id,
        r1_0.created_at,
        r1_0.description,
        r1_0.role_name,
        u1_0.updated_at,
        u1_0.user_code 
    from
        users u1_0 
    join
        roles r1_0 
            on r1_0.role_id=u1_0.role_id 
    where
        u1_0.user_id=? 
        and (
            u1_0.is_deleted = false
        )
2026-04-09 05:40:36 DEBUG [http-nio-8080-exec-2] org.hibernate.SQL - 
    select
        u1_0.user_id,
        u1_0.created_at,
        u1_0.deleted_at,
        u1_0.deleted_by,
        u1_0.email,
        u1_0.first_name,
        u1_0.is_active,
        u1_0.is_deleted,
        u1_0.last_name,
        u1_0.password,
        u1_0.person_id,
        u1_0.phone,
        u1_0.role_id,
        r1_0.role_id,
        r1_0.created_at,
        r1_0.description,
        r1_0.role_name,
        u1_0.updated_at,
        u1_0.user_code 
    from
        users u1_0 
    join
        roles r1_0 
            on r1_0.role_id=u1_0.role_id 
    where
        u1_0.user_id=? 
        and (
            u1_0.is_deleted = false
        )
2026-04-09 05:40:36 DEBUG [http-nio-8080-exec-2] org.hibernate.SQL - 
    select
        u1_0.user_id,
        u1_0.created_at,
        u1_0.deleted_at,
        u1_0.deleted_by,
        u1_0.email,
        u1_0.first_name,
        u1_0.is_active,
        u1_0.is_deleted,
        u1_0.last_name,
        u1_0.password,
        u1_0.person_id,
        u1_0.phone,
        u1_0.role_id,
        r1_0.role_id,
        r1_0.created_at,
        r1_0.description,
        r1_0.role_name,
        u1_0.updated_at,
        u1_0.user_code 
    from
        users u1_0 
    join
        roles r1_0 
            on r1_0.role_id=u1_0.role_id 
    where
        u1_0.user_id=? 
        and (
            u1_0.is_deleted = false
        )
2026-04-09 05:41:07 DEBUG [http-nio-8080-exec-4] org.hibernate.SQL - 
    select
        u1_0.user_id,
        u1_0.created_at,
        u1_0.deleted_at,
        u1_0.deleted_by,
        u1_0.email,
        u1_0.first_name,
        u1_0.is_active,
        u1_0.is_deleted,
        u1_0.last_name,
        u1_0.password,
        u1_0.person_id,
        u1_0.phone,
        u1_0.role_id,
        u1_0.updated_at,
        u1_0.user_code 
    from
        users u1_0 
    where
        (
            u1_0.is_deleted = false
        ) 
        and u1_0.email=?
2026-04-09 05:41:07 DEBUG [http-nio-8080-exec-4] org.hibernate.SQL - 
    select
        r1_0.role_id,
        r1_0.created_at,
        r1_0.description,
        r1_0.role_name 
    from
        roles r1_0 
    where
        r1_0.role_id=?
2026-04-09 05:41:30 DEBUG [http-nio-8080-exec-4] org.hibernate.SQL - 
    select
        u1_0.user_id,
        u1_0.created_at,
        u1_0.deleted_at,
        u1_0.deleted_by,
        u1_0.email,
        u1_0.first_name,
        u1_0.is_active,
        u1_0.is_deleted,
        u1_0.last_name,
        u1_0.password,
        u1_0.person_id,
        u1_0.phone,
        u1_0.role_id,
        u1_0.updated_at,
        u1_0.user_code 
    from
        users u1_0 
    where
        (
            u1_0.is_deleted = false
        ) 
        and u1_0.email=?
2026-04-09 05:41:30 DEBUG [http-nio-8080-exec-4] org.hibernate.SQL - 
    select
        r1_0.role_id,
        r1_0.created_at,
        r1_0.description,
        r1_0.role_name 
    from
        roles r1_0 
    where
        r1_0.role_id=?
2026-04-09 05:41:53 DEBUG [http-nio-8080-exec-4] org.hibernate.SQL - 
    select
        la1_0.application_id,
        la1_0.application_code,
        la1_0.applied_at,
        la1_0.user_id,
        la1_0.deleted_at,
        la1_0.deleted_by,
        la1_0.dti_ratio,
        la1_0.existing_emi,
        la1_0.interest_rate,
        la1_0.is_deleted,
        la1_0.officer_strategy,
        la1_0.requested_amount,
        la1_0.reviewed_at,
        la1_0.reviewed_by,
        la1_0.status,
        la1_0.suggested_strategy,
        la1_0.tenure_months 
    from
        loan_applications la1_0 
    where
        (
            la1_0.is_deleted = false
        ) 
        and la1_0.application_code=?
2026-04-09 05:42:35 DEBUG [http-nio-8080-exec-4] org.hibernate.SQL - 
    select
        u1_0.user_id,
        u1_0.created_at,
        u1_0.deleted_at,
        u1_0.deleted_by,
        u1_0.email,
        u1_0.first_name,
        u1_0.is_active,
        u1_0.is_deleted,
        u1_0.last_name,
        u1_0.password,
        u1_0.person_id,
        u1_0.phone,
        u1_0.role_id,
        r1_0.role_id,
        r1_0.created_at,
        r1_0.description,
        r1_0.role_name,
        u1_0.updated_at,
        u1_0.user_code 
    from
        users u1_0 
    join
        roles r1_0 
            on r1_0.role_id=u1_0.role_id 
    where
        u1_0.user_id=? 
        and (
            u1_0.is_deleted = false
        )
2026-04-09 05:44:44 DEBUG [http-nio-8080-exec-4] org.hibernate.SQL - 
    select
        l1_0.loan_id,
        l1_0.application_id,
        l1_0.user_id,
        l1_0.created_at,
        l1_0.emi_amount,
        l1_0.end_date,
        l1_0.interest_rate,
        l1_0.loan_code,
        l1_0.loan_status,
        l1_0.principal_amount,
        l1_0.start_date,
        l1_0.strategy,
        l1_0.tenure_months 
    from
        loans l1_0 
    where
        l1_0.application_id=?
2026-04-09 05:45:33 DEBUG [scheduling-1] org.hibernate.SQL - 
    delete 
    from
        otp_tokens ot1_0 
    where
        ot1_0.expiry_time<?
2026-04-09 05:45:36 DEBUG [scheduling-1] org.hibernate.SQL - 
    DELETE 
    FROM
        users 
    WHERE
        is_active = false 
        AND is_deleted = false 
        AND created_at < ?
2026-04-09 05:45:36 DEBUG [AuditLogger-2] org.hibernate.SQL - 
    insert 
    into
        strategy_audit
        (application_id, changed_at, changed_by, officer_strategy, overridden, system_strategy, id) 
    values
        (?, ?, ?, ?, ?, ?, ?)
2026-04-09 05:45:36 DEBUG [AuditLogger-1] org.hibernate.SQL - 
    insert 
    into
        audit_logs
        (action, action_time, actor_id, description, entity_id, entity_type, new_value, old_value, audit_id) 
    values
        (?, ?, ?, ?, ?, ?, ?, ?, ?)
2026-04-09 05:45:36 DEBUG [http-nio-8080-exec-4] org.hibernate.SQL - 
    insert 
    into
        loans
        (application_id, user_id, created_at, emi_amount, end_date, interest_rate, loan_status, principal_amount, start_date, strategy, tenure_months, loan_id) 
    values
        (?, ?, ?, ?, ?, ?, ?, ?, ?, ?, ?, ?)
2026-04-09 05:45:36 DEBUG [http-nio-8080-exec-4] org.hibernate.SQL - 
    update
        loan_applications 
    set
        user_id=?,
        deleted_at=?,
        deleted_by=?,
        dti_ratio=?,
        existing_emi=?,
        interest_rate=?,
        is_deleted=?,
        officer_strategy=?,
        requested_amount=?,
        reviewed_at=?,
        reviewed_by=?,
        status=?,
        suggested_strategy=?,
        tenure_months=? 
    where
        application_id=?
2026-04-09 05:45:39 DEBUG [http-nio-8080-exec-4] org.hibernate.SQL - 
    select
        l1_0.loan_id,
        l1_0.application_id,
        l1_0.user_id,
        l1_0.created_at,
        l1_0.emi_amount,
        l1_0.end_date,
        l1_0.interest_rate,
        l1_0.loan_code,
        l1_0.loan_status,
        l1_0.principal_amount,
        l1_0.start_date,
        l1_0.strategy,
        l1_0.tenure_months 
    from
        loans l1_0 
    where
        l1_0.loan_id=?
2026-04-09 05:45:58 DEBUG [http-nio-8080-exec-4] org.hibernate.SQL - 
    select
        es1_0.emi_id,
        es1_0.amount_paid,
        es1_0.due_date,
        es1_0.emi_code,
        es1_0.installment_no,
        es1_0.interest_component,
        es1_0.loan_id,
        es1_0.paid_date,
        es1_0.principal_component,
        es1_0.remaining_balance,
        es1_0.status,
        es1_0.total_emi 
    from
        emi_schedule es1_0 
    where
        es1_0.loan_id=? 
    order by
        es1_0.installment_no
2026-04-09 05:50:23 DEBUG [scheduling-1] org.hibernate.SQL - 
    delete 
    from
        otp_tokens ot1_0 
    where
        ot1_0.expiry_time<?
2026-04-09 05:50:29 DEBUG [scheduling-1] org.hibernate.SQL - 
    DELETE 
    FROM
        users 
    WHERE
        is_active = false 
        AND is_deleted = false 
        AND created_at < ?
2026-04-09 05:53:38 DEBUG [http-nio-8080-exec-4] org.hibernate.SQL - 
    insert 
    into
        emi_schedule
        (amount_paid, due_date, installment_no, interest_component, loan_id, paid_date, principal_component, remaining_balance, status, total_emi, emi_id) 
    values
        (?, ?, ?, ?, ?, ?, ?, ?, ?, ?, ?)
2026-04-09 05:53:38 DEBUG [http-nio-8080-exec-4] org.hibernate.SQL - 
    insert 
    into
        emi_schedule
        (amount_paid, due_date, installment_no, interest_component, loan_id, paid_date, principal_component, remaining_balance, status, total_emi, emi_id) 
    values
        (?, ?, ?, ?, ?, ?, ?, ?, ?, ?, ?)
2026-04-09 05:53:38 DEBUG [http-nio-8080-exec-4] org.hibernate.SQL - 
    insert 
    into
        emi_schedule
        (amount_paid, due_date, installment_no, interest_component, loan_id, paid_date, principal_component, remaining_balance, status, total_emi, emi_id) 
    values
        (?, ?, ?, ?, ?, ?, ?, ?, ?, ?, ?)
2026-04-09 05:53:38 DEBUG [http-nio-8080-exec-4] org.hibernate.SQL - 
    insert 
    into
        emi_schedule
        (amount_paid, due_date, installment_no, interest_component, loan_id, paid_date, principal_component, remaining_balance, status, total_emi, emi_id) 
    values
        (?, ?, ?, ?, ?, ?, ?, ?, ?, ?, ?)
2026-04-09 05:53:38 DEBUG [http-nio-8080-exec-4] org.hibernate.SQL - 
    insert 
    into
        emi_schedule
        (amount_paid, due_date, installment_no, interest_component, loan_id, paid_date, principal_component, remaining_balance, status, total_emi, emi_id) 
    values
        (?, ?, ?, ?, ?, ?, ?, ?, ?, ?, ?)
2026-04-09 05:53:38 DEBUG [http-nio-8080-exec-4] org.hibernate.SQL - 
    insert 
    into
        emi_schedule
        (amount_paid, due_date, installment_no, interest_component, loan_id, paid_date, principal_component, remaining_balance, status, total_emi, emi_id) 
    values
        (?, ?, ?, ?, ?, ?, ?, ?, ?, ?, ?)
2026-04-09 05:53:38 DEBUG [http-nio-8080-exec-4] org.hibernate.SQL - 
    insert 
    into
        emi_schedule
        (amount_paid, due_date, installment_no, interest_component, loan_id, paid_date, principal_component, remaining_balance, status, total_emi, emi_id) 
    values
        (?, ?, ?, ?, ?, ?, ?, ?, ?, ?, ?)
2026-04-09 05:53:38 DEBUG [http-nio-8080-exec-4] org.hibernate.SQL - 
    insert 
    into
        emi_schedule
        (amount_paid, due_date, installment_no, interest_component, loan_id, paid_date, principal_component, remaining_balance, status, total_emi, emi_id) 
    values
        (?, ?, ?, ?, ?, ?, ?, ?, ?, ?, ?)
2026-04-09 05:53:38 DEBUG [http-nio-8080-exec-4] org.hibernate.SQL - 
    insert 
    into
        emi_schedule
        (amount_paid, due_date, installment_no, interest_component, loan_id, paid_date, principal_component, remaining_balance, status, total_emi, emi_id) 
    values
        (?, ?, ?, ?, ?, ?, ?, ?, ?, ?, ?)
2026-04-09 05:53:38 DEBUG [http-nio-8080-exec-4] org.hibernate.SQL - 
    insert 
    into
        emi_schedule
        (amount_paid, due_date, installment_no, interest_component, loan_id, paid_date, principal_component, remaining_balance, status, total_emi, emi_id) 
    values
        (?, ?, ?, ?, ?, ?, ?, ?, ?, ?, ?)
2026-04-09 05:53:38 DEBUG [http-nio-8080-exec-4] org.hibernate.SQL - 
    insert 
    into
        emi_schedule
        (amount_paid, due_date, installment_no, interest_component, loan_id, paid_date, principal_component, remaining_balance, status, total_emi, emi_id) 
    values
        (?, ?, ?, ?, ?, ?, ?, ?, ?, ?, ?)
2026-04-09 05:53:38 DEBUG [http-nio-8080-exec-4] org.hibernate.SQL - 
    insert 
    into
        emi_schedule
        (amount_paid, due_date, installment_no, interest_component, loan_id, paid_date, principal_component, remaining_balance, status, total_emi, emi_id) 
    values
        (?, ?, ?, ?, ?, ?, ?, ?, ?, ?, ?)
2026-04-09 05:53:38 DEBUG [http-nio-8080-exec-4] org.hibernate.SQL - 
    insert 
    into
        emi_schedule
        (amount_paid, due_date, installment_no, interest_component, loan_id, paid_date, principal_component, remaining_balance, status, total_emi, emi_id) 
    values
        (?, ?, ?, ?, ?, ?, ?, ?, ?, ?, ?)
2026-04-09 05:53:38 DEBUG [http-nio-8080-exec-4] org.hibernate.SQL - 
    insert 
    into
        emi_schedule
        (amount_paid, due_date, installment_no, interest_component, loan_id, paid_date, principal_component, remaining_balance, status, total_emi, emi_id) 
    values
        (?, ?, ?, ?, ?, ?, ?, ?, ?, ?, ?)
2026-04-09 05:53:38 DEBUG [http-nio-8080-exec-4] org.hibernate.SQL - 
    insert 
    into
        emi_schedule
        (amount_paid, due_date, installment_no, interest_component, loan_id, paid_date, principal_component, remaining_balance, status, total_emi, emi_id) 
    values
        (?, ?, ?, ?, ?, ?, ?, ?, ?, ?, ?)
2026-04-09 05:53:38 DEBUG [http-nio-8080-exec-4] org.hibernate.SQL - 
    insert 
    into
        emi_schedule
        (amount_paid, due_date, installment_no, interest_component, loan_id, paid_date, principal_component, remaining_balance, status, total_emi, emi_id) 
    values
        (?, ?, ?, ?, ?, ?, ?, ?, ?, ?, ?)
2026-04-09 05:53:38 DEBUG [http-nio-8080-exec-4] org.hibernate.SQL - 
    insert 
    into
        emi_schedule
        (amount_paid, due_date, installment_no, interest_component, loan_id, paid_date, principal_component, remaining_balance, status, total_emi, emi_id) 
    values
        (?, ?, ?, ?, ?, ?, ?, ?, ?, ?, ?)
2026-04-09 05:53:38 DEBUG [http-nio-8080-exec-4] org.hibernate.SQL - 
    insert 
    into
        emi_schedule
        (amount_paid, due_date, installment_no, interest_component, loan_id, paid_date, principal_component, remaining_balance, status, total_emi, emi_id) 
    values
        (?, ?, ?, ?, ?, ?, ?, ?, ?, ?, ?)
2026-04-09 05:53:38 DEBUG [http-nio-8080-exec-4] org.hibernate.SQL - 
    insert 
    into
        emi_schedule
        (amount_paid, due_date, installment_no, interest_component, loan_id, paid_date, principal_component, remaining_balance, status, total_emi, emi_id) 
    values
        (?, ?, ?, ?, ?, ?, ?, ?, ?, ?, ?)
2026-04-09 05:53:38 DEBUG [http-nio-8080-exec-4] org.hibernate.SQL - 
    insert 
    into
        emi_schedule
        (amount_paid, due_date, installment_no, interest_component, loan_id, paid_date, principal_component, remaining_balance, status, total_emi, emi_id) 
    values
        (?, ?, ?, ?, ?, ?, ?, ?, ?, ?, ?)
2026-04-09 05:53:38 DEBUG [http-nio-8080-exec-4] org.hibernate.SQL - 
    insert 
    into
        emi_schedule
        (amount_paid, due_date, installment_no, interest_component, loan_id, paid_date, principal_component, remaining_balance, status, total_emi, emi_id) 
    values
        (?, ?, ?, ?, ?, ?, ?, ?, ?, ?, ?)
2026-04-09 05:53:38 DEBUG [http-nio-8080-exec-4] org.hibernate.SQL - 
    insert 
    into
        emi_schedule
        (amount_paid, due_date, installment_no, interest_component, loan_id, paid_date, principal_component, remaining_balance, status, total_emi, emi_id) 
    values
        (?, ?, ?, ?, ?, ?, ?, ?, ?, ?, ?)
2026-04-09 05:53:38 DEBUG [http-nio-8080-exec-4] org.hibernate.SQL - 
    insert 
    into
        emi_schedule
        (amount_paid, due_date, installment_no, interest_component, loan_id, paid_date, principal_component, remaining_balance, status, total_emi, emi_id) 
    values
        (?, ?, ?, ?, ?, ?, ?, ?, ?, ?, ?)
2026-04-09 05:53:38 DEBUG [http-nio-8080-exec-4] org.hibernate.SQL - 
    insert 
    into
        emi_schedule
        (amount_paid, due_date, installment_no, interest_component, loan_id, paid_date, principal_component, remaining_balance, status, total_emi, emi_id) 
    values
        (?, ?, ?, ?, ?, ?, ?, ?, ?, ?, ?)
2026-04-09 05:54:42 DEBUG [AuditLogger-3] org.hibernate.SQL - 
    insert 
    into
        audit_logs
        (action, action_time, actor_id, description, entity_id, entity_type, new_value, old_value, audit_id) 
    values
        (?, ?, ?, ?, ?, ?, ?, ?, ?)
2026-04-09 05:54:42 DEBUG [EmailSender-1] org.hibernate.SQL - 
    insert 
    into
        audit_logs
        (action, action_time, actor_id, description, entity_id, entity_type, new_value, old_value, audit_id) 
    values
        (?, ?, ?, ?, ?, ?, ?, ?, ?)
2026-04-09 05:54:45 DEBUG [http-nio-8080-exec-4] org.hibernate.SQL - 
    update
        loans 
    set
        application_id=?,
        user_id=?,
        emi_amount=?,
        end_date=?,
        interest_rate=?,
        loan_status=?,
        principal_amount=?,
        start_date=?,
        strategy=?,
        tenure_months=? 
    where
        loan_id=?
2026-04-09 05:55:01 DEBUG [scheduling-1] org.hibernate.SQL - 
    delete 
    from
        otp_tokens ot1_0 
    where
        ot1_0.expiry_time<?
2026-04-09 05:55:01 DEBUG [scheduling-1] org.hibernate.SQL - 
    DELETE 
    FROM
        users 
    WHERE
        is_active = false 
        AND is_deleted = false 
        AND created_at < ?
2026-04-09 05:55:25 DEBUG [EmailSender-2] org.hibernate.SQL - 
    insert 
    into
        notifications
        (deleted_at, deleted_by, email, emi_id, is_deleted, loan_id, message, sent_at, status, subject, user_id, notification_id) 
    values
        (?, ?, ?, ?, ?, ?, ?, ?, ?, ?, ?, ?)
2026-04-09 05:55:46 DEBUG [http-nio-8080-exec-10] org.hibernate.SQL - 
    select
        u1_0.user_id,
        u1_0.created_at,
        u1_0.deleted_at,
        u1_0.deleted_by,
        u1_0.email,
        u1_0.first_name,
        u1_0.is_active,
        u1_0.is_deleted,
        u1_0.last_name,
        u1_0.password,
        u1_0.person_id,
        u1_0.phone,
        u1_0.role_id,
        u1_0.updated_at,
        u1_0.user_code 
    from
        users u1_0 
    where
        (
            u1_0.is_deleted = false
        ) 
        and u1_0.email=?
2026-04-09 05:55:46 DEBUG [http-nio-8080-exec-10] org.hibernate.SQL - 
    select
        r1_0.role_id,
        r1_0.created_at,
        r1_0.description,
        r1_0.role_name 
    from
        roles r1_0 
    where
        r1_0.role_id=?
2026-04-09 05:55:46 DEBUG [http-nio-8080-exec-10] org.hibernate.SQL - 
    select
        u1_0.user_id,
        u1_0.created_at,
        u1_0.deleted_at,
        u1_0.deleted_by,
        u1_0.email,
        u1_0.first_name,
        u1_0.is_active,
        u1_0.is_deleted,
        u1_0.last_name,
        u1_0.password,
        u1_0.person_id,
        u1_0.phone,
        u1_0.role_id,
        u1_0.updated_at,
        u1_0.user_code 
    from
        users u1_0 
    where
        (
            u1_0.is_deleted = false
        ) 
        and u1_0.email=?
2026-04-09 05:55:46 DEBUG [http-nio-8080-exec-10] org.hibernate.SQL - 
    select
        r1_0.role_id,
        r1_0.created_at,
        r1_0.description,
        r1_0.role_name 
    from
        roles r1_0 
    where
        r1_0.role_id=?
2026-04-09 05:55:47 DEBUG [http-nio-8080-exec-10] org.hibernate.SQL - 
    select
        l1_0.loan_id,
        l1_0.application_id,
        l1_0.user_id,
        l1_0.created_at,
        l1_0.emi_amount,
        l1_0.end_date,
        l1_0.interest_rate,
        l1_0.loan_code,
        l1_0.loan_status,
        l1_0.principal_amount,
        l1_0.start_date,
        l1_0.strategy,
        l1_0.tenure_months 
    from
        loans l1_0 
    order by
        l1_0.start_date desc 
    offset
        ? rows 
    fetch
        first ? rows only
2026-04-09 05:55:47 DEBUG [http-nio-8080-exec-10] org.hibernate.SQL - 
    select
        count(l1_0.loan_id) 
    from
        loans l1_0
2026-04-09 05:55:47 DEBUG [http-nio-8080-exec-10] org.hibernate.SQL - 
    select
        la1_0.application_id,
        la1_0.application_code,
        la1_0.applied_at,
        la1_0.user_id,
        la1_0.deleted_at,
        la1_0.deleted_by,
        la1_0.dti_ratio,
        la1_0.existing_emi,
        la1_0.interest_rate,
        la1_0.is_deleted,
        la1_0.officer_strategy,
        la1_0.requested_amount,
        la1_0.reviewed_at,
        la1_0.reviewed_by,
        la1_0.status,
        la1_0.suggested_strategy,
        la1_0.tenure_months 
    from
        loan_applications la1_0 
    where
        la1_0.application_id=? 
        and (
            la1_0.is_deleted = false
        )
2026-04-09 05:55:47 DEBUG [http-nio-8080-exec-10] org.hibernate.SQL - 
    select
        u1_0.user_id,
        u1_0.created_at,
        u1_0.deleted_at,
        u1_0.deleted_by,
        u1_0.email,
        u1_0.first_name,
        u1_0.is_active,
        u1_0.is_deleted,
        u1_0.last_name,
        u1_0.password,
        u1_0.person_id,
        u1_0.phone,
        u1_0.role_id,
        r1_0.role_id,
        r1_0.created_at,
        r1_0.description,
        r1_0.role_name,
        u1_0.updated_at,
        u1_0.user_code 
    from
        users u1_0 
    join
        roles r1_0 
            on r1_0.role_id=u1_0.role_id 
    where
        u1_0.user_id=? 
        and (
            u1_0.is_deleted = false
        )
2026-04-09 05:55:47 DEBUG [http-nio-8080-exec-10] org.hibernate.SQL - 
    select
        la1_0.application_id,
        la1_0.application_code,
        la1_0.applied_at,
        la1_0.user_id,
        la1_0.deleted_at,
        la1_0.deleted_by,
        la1_0.dti_ratio,
        la1_0.existing_emi,
        la1_0.interest_rate,
        la1_0.is_deleted,
        la1_0.officer_strategy,
        la1_0.requested_amount,
        la1_0.reviewed_at,
        la1_0.reviewed_by,
        la1_0.status,
        la1_0.suggested_strategy,
        la1_0.tenure_months 
    from
        loan_applications la1_0 
    where
        la1_0.application_id=? 
        and (
            la1_0.is_deleted = false
        )
2026-04-09 05:55:47 DEBUG [http-nio-8080-exec-10] org.hibernate.SQL - 
    select
        u1_0.user_id,
        u1_0.created_at,
        u1_0.deleted_at,
        u1_0.deleted_by,
        u1_0.email,
        u1_0.first_name,
        u1_0.is_active,
        u1_0.is_deleted,
        u1_0.last_name,
        u1_0.password,
        u1_0.person_id,
        u1_0.phone,
        u1_0.role_id,
        r1_0.role_id,
        r1_0.created_at,
        r1_0.description,
        r1_0.role_name,
        u1_0.updated_at,
        u1_0.user_code 
    from
        users u1_0 
    join
        roles r1_0 
            on r1_0.role_id=u1_0.role_id 
    where
        u1_0.user_id=? 
        and (
            u1_0.is_deleted = false
        )
2026-04-09 05:55:47 DEBUG [http-nio-8080-exec-10] org.hibernate.SQL - 
    select
        la1_0.application_id,
        la1_0.application_code,
        la1_0.applied_at,
        la1_0.user_id,
        la1_0.deleted_at,
        la1_0.deleted_by,
        la1_0.dti_ratio,
        la1_0.existing_emi,
        la1_0.interest_rate,
        la1_0.is_deleted,
        la1_0.officer_strategy,
        la1_0.requested_amount,
        la1_0.reviewed_at,
        la1_0.reviewed_by,
        la1_0.status,
        la1_0.suggested_strategy,
        la1_0.tenure_months 
    from
        loan_applications la1_0 
    where
        la1_0.application_id=? 
        and (
            la1_0.is_deleted = false
        )
2026-04-09 05:55:47 DEBUG [http-nio-8080-exec-10] org.hibernate.SQL - 
    select
        u1_0.user_id,
        u1_0.created_at,
        u1_0.deleted_at,
        u1_0.deleted_by,
        u1_0.email,
        u1_0.first_name,
        u1_0.is_active,
        u1_0.is_deleted,
        u1_0.last_name,
        u1_0.password,
        u1_0.person_id,
        u1_0.phone,
        u1_0.role_id,
        r1_0.role_id,
        r1_0.created_at,
        r1_0.description,
        r1_0.role_name,
        u1_0.updated_at,
        u1_0.user_code 
    from
        users u1_0 
    join
        roles r1_0 
            on r1_0.role_id=u1_0.role_id 
    where
        u1_0.user_id=? 
        and (
            u1_0.is_deleted = false
        )
2026-04-09 05:55:47 DEBUG [http-nio-8080-exec-10] org.hibernate.SQL - 
    select
        la1_0.application_id,
        la1_0.application_code,
        la1_0.applied_at,
        la1_0.user_id,
        la1_0.deleted_at,
        la1_0.deleted_by,
        la1_0.dti_ratio,
        la1_0.existing_emi,
        la1_0.interest_rate,
        la1_0.is_deleted,
        la1_0.officer_strategy,
        la1_0.requested_amount,
        la1_0.reviewed_at,
        la1_0.reviewed_by,
        la1_0.status,
        la1_0.suggested_strategy,
        la1_0.tenure_months 
    from
        loan_applications la1_0 
    where
        la1_0.application_id=? 
        and (
            la1_0.is_deleted = false
        )
2026-04-09 05:55:47 DEBUG [http-nio-8080-exec-10] org.hibernate.SQL - 
    select
        u1_0.user_id,
        u1_0.created_at,
        u1_0.deleted_at,
        u1_0.deleted_by,
        u1_0.email,
        u1_0.first_name,
        u1_0.is_active,
        u1_0.is_deleted,
        u1_0.last_name,
        u1_0.password,
        u1_0.person_id,
        u1_0.phone,
        u1_0.role_id,
        r1_0.role_id,
        r1_0.created_at,
        r1_0.description,
        r1_0.role_name,
        u1_0.updated_at,
        u1_0.user_code 
    from
        users u1_0 
    join
        roles r1_0 
            on r1_0.role_id=u1_0.role_id 
    where
        u1_0.user_id=? 
        and (
            u1_0.is_deleted = false
        )
2026-04-09 05:55:47 DEBUG [http-nio-8080-exec-10] org.hibernate.SQL - 
    select
        la1_0.application_id,
        la1_0.application_code,
        la1_0.applied_at,
        la1_0.user_id,
        la1_0.deleted_at,
        la1_0.deleted_by,
        la1_0.dti_ratio,
        la1_0.existing_emi,
        la1_0.interest_rate,
        la1_0.is_deleted,
        la1_0.officer_strategy,
        la1_0.requested_amount,
        la1_0.reviewed_at,
        la1_0.reviewed_by,
        la1_0.status,
        la1_0.suggested_strategy,
        la1_0.tenure_months 
    from
        loan_applications la1_0 
    where
        la1_0.application_id=? 
        and (
            la1_0.is_deleted = false
        )
2026-04-09 05:55:47 DEBUG [http-nio-8080-exec-10] org.hibernate.SQL - 
    select
        la1_0.application_id,
        la1_0.application_code,
        la1_0.applied_at,
        la1_0.user_id,
        la1_0.deleted_at,
        la1_0.deleted_by,
        la1_0.dti_ratio,
        la1_0.existing_emi,
        la1_0.interest_rate,
        la1_0.is_deleted,
        la1_0.officer_strategy,
        la1_0.requested_amount,
        la1_0.reviewed_at,
        la1_0.reviewed_by,
        la1_0.status,
        la1_0.suggested_strategy,
        la1_0.tenure_months 
    from
        loan_applications la1_0 
    where
        la1_0.application_id=? 
        and (
            la1_0.is_deleted = false
        )
2026-04-09 05:55:47 DEBUG [http-nio-8080-exec-10] org.hibernate.SQL - 
    select
        u1_0.user_id,
        u1_0.created_at,
        u1_0.deleted_at,
        u1_0.deleted_by,
        u1_0.email,
        u1_0.first_name,
        u1_0.is_active,
        u1_0.is_deleted,
        u1_0.last_name,
        u1_0.password,
        u1_0.person_id,
        u1_0.phone,
        u1_0.role_id,
        r1_0.role_id,
        r1_0.created_at,
        r1_0.description,
        r1_0.role_name,
        u1_0.updated_at,
        u1_0.user_code 
    from
        users u1_0 
    join
        roles r1_0 
            on r1_0.role_id=u1_0.role_id 
    where
        u1_0.user_id=? 
        and (
            u1_0.is_deleted = false
        )
2026-04-09 05:55:47 DEBUG [http-nio-8080-exec-10] org.hibernate.SQL - 
    select
        la1_0.application_id,
        la1_0.application_code,
        la1_0.applied_at,
        la1_0.user_id,
        la1_0.deleted_at,
        la1_0.deleted_by,
        la1_0.dti_ratio,
        la1_0.existing_emi,
        la1_0.interest_rate,
        la1_0.is_deleted,
        la1_0.officer_strategy,
        la1_0.requested_amount,
        la1_0.reviewed_at,
        la1_0.reviewed_by,
        la1_0.status,
        la1_0.suggested_strategy,
        la1_0.tenure_months 
    from
        loan_applications la1_0 
    where
        la1_0.application_id=? 
        and (
            la1_0.is_deleted = false
        )
2026-04-09 05:55:47 DEBUG [http-nio-8080-exec-10] org.hibernate.SQL - 
    select
        u1_0.user_id,
        u1_0.created_at,
        u1_0.deleted_at,
        u1_0.deleted_by,
        u1_0.email,
        u1_0.first_name,
        u1_0.is_active,
        u1_0.is_deleted,
        u1_0.last_name,
        u1_0.password,
        u1_0.person_id,
        u1_0.phone,
        u1_0.role_id,
        r1_0.role_id,
        r1_0.created_at,
        r1_0.description,
        r1_0.role_name,
        u1_0.updated_at,
        u1_0.user_code 
    from
        users u1_0 
    join
        roles r1_0 
            on r1_0.role_id=u1_0.role_id 
    where
        u1_0.user_id=? 
        and (
            u1_0.is_deleted = false
        )
2026-04-09 05:55:48 DEBUG [http-nio-8080-exec-10] org.hibernate.SQL - 
    select
        la1_0.application_id,
        la1_0.application_code,
        la1_0.applied_at,
        la1_0.user_id,
        la1_0.deleted_at,
        la1_0.deleted_by,
        la1_0.dti_ratio,
        la1_0.existing_emi,
        la1_0.interest_rate,
        la1_0.is_deleted,
        la1_0.officer_strategy,
        la1_0.requested_amount,
        la1_0.reviewed_at,
        la1_0.reviewed_by,
        la1_0.status,
        la1_0.suggested_strategy,
        la1_0.tenure_months 
    from
        loan_applications la1_0 
    where
        la1_0.application_id=? 
        and (
            la1_0.is_deleted = false
        )
2026-04-09 05:55:48 DEBUG [http-nio-8080-exec-10] org.hibernate.SQL - 
    select
        u1_0.user_id,
        u1_0.created_at,
        u1_0.deleted_at,
        u1_0.deleted_by,
        u1_0.email,
        u1_0.first_name,
        u1_0.is_active,
        u1_0.is_deleted,
        u1_0.last_name,
        u1_0.password,
        u1_0.person_id,
        u1_0.phone,
        u1_0.role_id,
        r1_0.role_id,
        r1_0.created_at,
        r1_0.description,
        r1_0.role_name,
        u1_0.updated_at,
        u1_0.user_code 
    from
        users u1_0 
    join
        roles r1_0 
            on r1_0.role_id=u1_0.role_id 
    where
        u1_0.user_id=? 
        and (
            u1_0.is_deleted = false
        )
2026-04-09 05:55:48 DEBUG [http-nio-8080-exec-10] org.hibernate.SQL - 
    select
        la1_0.application_id,
        la1_0.application_code,
        la1_0.applied_at,
        la1_0.user_id,
        la1_0.deleted_at,
        la1_0.deleted_by,
        la1_0.dti_ratio,
        la1_0.existing_emi,
        la1_0.interest_rate,
        la1_0.is_deleted,
        la1_0.officer_strategy,
        la1_0.requested_amount,
        la1_0.reviewed_at,
        la1_0.reviewed_by,
        la1_0.status,
        la1_0.suggested_strategy,
        la1_0.tenure_months 
    from
        loan_applications la1_0 
    where
        la1_0.application_id=? 
        and (
            la1_0.is_deleted = false
        )
2026-04-09 05:55:48 DEBUG [http-nio-8080-exec-10] org.hibernate.SQL - 
    select
        u1_0.user_id,
        u1_0.created_at,
        u1_0.deleted_at,
        u1_0.deleted_by,
        u1_0.email,
        u1_0.first_name,
        u1_0.is_active,
        u1_0.is_deleted,
        u1_0.last_name,
        u1_0.password,
        u1_0.person_id,
        u1_0.phone,
        u1_0.role_id,
        r1_0.role_id,
        r1_0.created_at,
        r1_0.description,
        r1_0.role_name,
        u1_0.updated_at,
        u1_0.user_code 
    from
        users u1_0 
    join
        roles r1_0 
            on r1_0.role_id=u1_0.role_id 
    where
        u1_0.user_id=? 
        and (
            u1_0.is_deleted = false
        )
2026-04-09 05:55:48 DEBUG [http-nio-8080-exec-10] org.hibernate.SQL - 
    select
        la1_0.application_id,
        la1_0.application_code,
        la1_0.applied_at,
        la1_0.user_id,
        la1_0.deleted_at,
        la1_0.deleted_by,
        la1_0.dti_ratio,
        la1_0.existing_emi,
        la1_0.interest_rate,
        la1_0.is_deleted,
        la1_0.officer_strategy,
        la1_0.requested_amount,
        la1_0.reviewed_at,
        la1_0.reviewed_by,
        la1_0.status,
        la1_0.suggested_strategy,
        la1_0.tenure_months 
    from
        loan_applications la1_0 
    where
        la1_0.application_id=? 
        and (
            la1_0.is_deleted = false
        )
2026-04-09 05:56:28 DEBUG [http-nio-8080-exec-7] org.hibernate.SQL - 
    select
        u1_0.user_id,
        u1_0.created_at,
        u1_0.deleted_at,
        u1_0.deleted_by,
        u1_0.email,
        u1_0.first_name,
        u1_0.is_active,
        u1_0.is_deleted,
        u1_0.last_name,
        u1_0.password,
        u1_0.person_id,
        u1_0.phone,
        u1_0.role_id,
        u1_0.updated_at,
        u1_0.user_code 
    from
        users u1_0 
    where
        (
            u1_0.is_deleted = false
        ) 
        and u1_0.email=?
2026-04-09 05:56:28 DEBUG [http-nio-8080-exec-7] org.hibernate.SQL - 
    select
        r1_0.role_id,
        r1_0.created_at,
        r1_0.description,
        r1_0.role_name 
    from
        roles r1_0 
    where
        r1_0.role_id=?
2026-04-09 05:56:28 DEBUG [http-nio-8080-exec-7] org.hibernate.SQL - 
    select
        l1_0.loan_id,
        l1_0.application_id,
        l1_0.user_id,
        l1_0.created_at,
        l1_0.emi_amount,
        l1_0.end_date,
        l1_0.interest_rate,
        l1_0.loan_code,
        l1_0.loan_status,
        l1_0.principal_amount,
        l1_0.start_date,
        l1_0.strategy,
        l1_0.tenure_months 
    from
        loans l1_0 
    where
        l1_0.loan_code=?
2026-04-09 05:56:28 DEBUG [http-nio-8080-exec-7] org.hibernate.SQL - 
    select
        u1_0.user_id,
        u1_0.created_at,
        u1_0.deleted_at,
        u1_0.deleted_by,
        u1_0.email,
        u1_0.first_name,
        u1_0.is_active,
        u1_0.is_deleted,
        u1_0.last_name,
        u1_0.password,
        u1_0.person_id,
        u1_0.phone,
        u1_0.role_id,
        u1_0.updated_at,
        u1_0.user_code 
    from
        users u1_0 
    where
        (
            u1_0.is_deleted = false
        ) 
        and u1_0.email=?
2026-04-09 05:56:28 DEBUG [http-nio-8080-exec-7] org.hibernate.SQL - 
    select
        r1_0.role_id,
        r1_0.created_at,
        r1_0.description,
        r1_0.role_name 
    from
        roles r1_0 
    where
        r1_0.role_id=?
2026-04-09 05:56:28 DEBUG [http-nio-8080-exec-7] org.hibernate.SQL - 
    select
        u1_0.user_id,
        u1_0.created_at,
        u1_0.deleted_at,
        u1_0.deleted_by,
        u1_0.email,
        u1_0.first_name,
        u1_0.is_active,
        u1_0.is_deleted,
        u1_0.last_name,
        u1_0.password,
        u1_0.person_id,
        u1_0.phone,
        u1_0.role_id,
        r1_0.role_id,
        r1_0.created_at,
        r1_0.description,
        r1_0.role_name,
        u1_0.updated_at,
        u1_0.user_code 
    from
        users u1_0 
    join
        roles r1_0 
            on r1_0.role_id=u1_0.role_id 
    where
        u1_0.user_id=? 
        and (
            u1_0.is_deleted = false
        )
2026-04-09 05:56:28 DEBUG [http-nio-8080-exec-7] org.hibernate.SQL - 
    select
        es1_0.emi_id,
        es1_0.amount_paid,
        es1_0.due_date,
        es1_0.emi_code,
        es1_0.installment_no,
        es1_0.interest_component,
        es1_0.loan_id,
        es1_0.paid_date,
        es1_0.principal_component,
        es1_0.remaining_balance,
        es1_0.status,
        es1_0.total_emi 
    from
        emi_schedule es1_0 
    where
        es1_0.loan_id=? 
    order by
        es1_0.installment_no 
    fetch
        first ? rows only
2026-04-09 05:56:28 DEBUG [http-nio-8080-exec-7] org.hibernate.SQL - 
    select
        count(*) 
    from
        emi_schedule es1_0 
    where
        es1_0.loan_id=?
2026-04-09 06:00:00 DEBUG [scheduling-1] org.hibernate.SQL - 
    delete 
    from
        otp_tokens ot1_0 
    where
        ot1_0.expiry_time<?
2026-04-09 06:00:00 DEBUG [scheduling-1] org.hibernate.SQL - 
    DELETE 
    FROM
        users 
    WHERE
        is_active = false 
        AND is_deleted = false 
        AND created_at < ?
2026-04-09 06:05:00 DEBUG [scheduling-1] org.hibernate.SQL - 
    delete 
    from
        otp_tokens ot1_0 
    where
        ot1_0.expiry_time<?
2026-04-09 06:05:00 DEBUG [scheduling-1] org.hibernate.SQL - 
    DELETE 
    FROM
        users 
    WHERE
        is_active = false 
        AND is_deleted = false 
        AND created_at < ?
2026-04-09 06:10:00 DEBUG [scheduling-1] org.hibernate.SQL - 
    delete 
    from
        otp_tokens ot1_0 
    where
        ot1_0.expiry_time<?
2026-04-09 06:10:00 DEBUG [scheduling-1] org.hibernate.SQL - 
    DELETE 
    FROM
        users 
    WHERE
        is_active = false 
        AND is_deleted = false 
        AND created_at < ?
2026-04-09 07:20:33 INFO  [background-preinit] o.h.validator.internal.util.Version - HV000001: Hibernate Validator 9.0.1.Final
2026-04-09 07:20:40 INFO  [main] org.hibernate.orm.jpa - HHH008540: Processing PersistenceUnitInfo [name: default]
2026-04-09 07:20:40 INFO  [main] org.hibernate.orm.core - HHH000001: Hibernate ORM core version 7.2.7.Final
2026-04-09 07:20:41 WARN  [main] org.hibernate.orm.deprecation - HHH90000021: Encountered deprecated setting [hibernate.temp.use_jdbc_metadata_defaults], use [hibernate.boot.allow_jdbc_metadata_access] instead
2026-04-09 07:20:41 WARN  [main] org.hibernate.orm.deprecation - HHH90000025: PostgreSQLDialect does not need to be specified explicitly using 'hibernate.dialect' (remove the property setting and it will be selected by default)
2026-04-09 07:20:41 INFO  [main] o.hibernate.orm.connections.pooling - HHH10001005: Database info:
	Database JDBC URL [undefined/unknown]
	Database driver: undefined/unknown
	Database dialect: PostgreSQLDialect
	Database version: 13.0
	Default catalog/schema: unknown/unknown
	Autocommit mode: undefined/unknown
	Isolation level: <unknown>
	JDBC fetch size: undefined/unknown
	Pool: undefined/unknown
	Minimum pool size: undefined/unknown
	Maximum pool size: undefined/unknown
2026-04-09 07:20:44 INFO  [main] org.hibernate.orm.core - HHH000489: No JTA platform available (set 'hibernate.transaction.jta.platform' to enable JTA platform integration)
2026-04-09 07:20:50 DEBUG [main] org.hibernate.SQL - 
    select
        count(*) 
    from
        users u1_0 
    where
        (
            u1_0.is_deleted = false
        )
2026-04-09 07:20:50 DEBUG [main] org.hibernate.SQL - 
    select
        count(*) 
    from
        loans l1_0
2026-04-09 07:20:50 DEBUG [main] org.hibernate.SQL - 
    select
        count(*) 
    from
        payments p1_0
2026-04-09 07:20:50 DEBUG [main] org.hibernate.SQL - 
    select
        r1_0.role_id,
        r1_0.created_at,
        r1_0.description,
        r1_0.role_name 
    from
        roles r1_0 
    where
        r1_0.role_name=?
2026-04-09 07:20:50 DEBUG [main] org.hibernate.SQL - 
    select
        r1_0.role_id,
        r1_0.created_at,
        r1_0.description,
        r1_0.role_name 
    from
        roles r1_0 
    where
        r1_0.role_name=?
2026-04-09 07:20:50 DEBUG [main] org.hibernate.SQL - 
    select
        r1_0.role_id,
        r1_0.created_at,
        r1_0.description,
        r1_0.role_name 
    from
        roles r1_0 
    where
        r1_0.role_name=?
2026-04-09 07:20:50 DEBUG [main] org.hibernate.SQL - 
    select
        u1_0.user_id,
        u1_0.created_at,
        u1_0.deleted_at,
        u1_0.deleted_by,
        u1_0.email,
        u1_0.first_name,
        u1_0.is_active,
        u1_0.is_deleted,
        u1_0.last_name,
        u1_0.password,
        u1_0.person_id,
        u1_0.phone,
        u1_0.role_id,
        u1_0.updated_at,
        u1_0.user_code 
    from
        users u1_0 
    where
        (
            u1_0.is_deleted = false
        ) 
        and u1_0.email=?
2026-04-09 07:25:00 DEBUG [scheduling-1] org.hibernate.SQL - 
    delete 
    from
        otp_tokens ot1_0 
    where
        ot1_0.expiry_time<?
2026-04-09 07:25:01 DEBUG [scheduling-1] org.hibernate.SQL - 
    DELETE 
    FROM
        users 
    WHERE
        is_active = false 
        AND is_deleted = false 
        AND created_at < ?
