2026-04-09 05:31:21 INFO  [http-nio-8080-exec-3] o.a.c.c.C.[Tomcat].[localhost].[/] - Initializing Spring DispatcherServlet 'dispatcherServlet'
2026-04-09 05:31:21 INFO  [http-nio-8080-exec-3] o.s.web.servlet.DispatcherServlet - Initializing Servlet 'dispatcherServlet'
2026-04-09 05:31:21 INFO  [http-nio-8080-exec-3] o.s.web.servlet.DispatcherServlet - Completed initialization in 5 ms
2026-04-09 05:35:00 INFO  [scheduling-1] c.e.E.scheduler.OtpCleanupScheduler - Starting maintenance: Cleaning unverified data older than 2026-04-09T00:00:00.992477
2026-04-09 05:35:01 INFO  [scheduling-1] c.e.E.scheduler.OtpCleanupScheduler - Cleanup completed: Expired OTPs and unverified accounts successfully removed.
2026-04-09 05:35:03 INFO  [AuditLogger-1] c.e.E.service.impl.AuditServiceImpl - Audit Logged: [devajyoti.dubashi@yahoo.co.in] - Loan Officer approved the application and assigned an interest rate. performed APPROVED on APPLICATION (ID: ae28936f-71da-4109-97a9-e76342ebe9bb)
2026-04-09 05:35:03 INFO  [http-nio-8080-exec-7] c.e.E.service.impl.EmiServiceImpl - Financial Event: Generated 36 installments for Loan LAN000053
2026-04-09 05:35:03 INFO  [http-nio-8080-exec-7] c.e.E.service.impl.LoanServiceImpl - Successfully generated Loan 27741620-adb9-434a-b150-70a3507e0ccf (Code: LAN000053) for application ae28936f-71da-4109-97a9-e76342ebe9bb
2026-04-09 05:35:03 INFO  [AuditLogger-3] c.e.E.service.impl.AuditServiceImpl - Audit Logged: [devajyoti.dubashi@yahoo.co.in] - Loan account officially generated and activated following application approval performed CREATE on LOAN (ID: 27741620-adb9-434a-b150-70a3507e0ccf)
2026-04-09 05:35:03 INFO  [EmailSender-1] c.e.E.service.impl.AuditServiceImpl - Audit Logged: [SYSTEM] - Automated system action performed CREATE on EMI_SCHEDULE (ID: 27741620-adb9-434a-b150-70a3507e0ccf)
2026-04-09 05:35:15 INFO  [EmailSender-2] c.e.E.s.impl.NotificationServiceImpl - Email successfully sent to balamani.namboothiri@rediffmail.com
2026-04-09 05:38:32 INFO  [SpringApplicationShutdownHook] o.s.boot.tomcat.GracefulShutdown - Commencing graceful shutdown. Waiting for active requests to complete
2026-04-09 05:38:32 INFO  [tomcat-shutdown] o.s.boot.tomcat.GracefulShutdown - Graceful shutdown complete
2026-04-09 05:38:32 INFO  [SpringApplicationShutdownHook] o.s.o.j.LocalContainerEntityManagerFactoryBean - Closing JPA EntityManagerFactory for persistence unit 'default'
2026-04-09 05:38:33 INFO  [SpringApplicationShutdownHook] com.zaxxer.hikari.HikariDataSource - HikariPool-1 - Shutdown initiated...
2026-04-09 05:38:33 INFO  [SpringApplicationShutdownHook] com.zaxxer.hikari.HikariDataSource - HikariPool-1 - Shutdown completed.
2026-04-09 05:38:55 INFO  [main] c.emiLoan.EMILoan.EmiLoanApplication - Starting EmiLoanApplication using Java 21.0.10 with PID 8172 (C:\Users\om.kariya\Documents\EMILoan\EMILoan\target\classes started by Om.Kariya in C:\Users\om.kariya\Documents\EMILoan)
2026-04-09 05:38:55 INFO  [main] c.emiLoan.EMILoan.EmiLoanApplication - No active profile set, falling back to 1 default profile: "default"
2026-04-09 05:38:59 INFO  [main] o.s.d.r.c.RepositoryConfigurationDelegate - Bootstrapping Spring Data JPA repositories in DEFAULT mode.
2026-04-09 05:39:00 INFO  [main] o.s.d.r.c.RepositoryConfigurationDelegate - Finished Spring Data repository scanning in 572 ms. Found 13 JPA repository interfaces.
2026-04-09 05:39:03 INFO  [main] o.s.boot.tomcat.TomcatWebServer - Tomcat initialized with port 8080 (http)
2026-04-09 05:39:03 INFO  [main] o.a.coyote.http11.Http11NioProtocol - Initializing ProtocolHandler ["http-nio-8080"]
2026-04-09 05:39:03 INFO  [main] o.a.catalina.core.StandardService - Starting service [Tomcat]
2026-04-09 05:39:03 INFO  [main] o.a.catalina.core.StandardEngine - Starting Servlet engine: [Apache Tomcat/11.0.18]
2026-04-09 05:39:03 INFO  [main] o.s.b.w.c.s.WebApplicationContextInitializer - Root WebApplicationContext: initialization completed in 8089 ms
2026-04-09 05:39:05 INFO  [main] com.zaxxer.hikari.HikariDataSource - HikariPool-1 - Starting...
2026-04-09 05:39:07 INFO  [main] com.zaxxer.hikari.pool.HikariPool - HikariPool-1 - Added connection org.postgresql.jdbc.PgConnection@79d14037
2026-04-09 05:39:07 INFO  [main] com.zaxxer.hikari.HikariDataSource - HikariPool-1 - Start completed.
2026-04-09 05:39:07 INFO  [main] org.flywaydb.core.FlywayExecutor - Database: jdbc:postgresql://localhost:5432/emi_scheduler (PostgreSQL 18.3)
2026-04-09 05:39:07 INFO  [main] o.f.core.internal.command.DbValidate - Successfully validated 10 migrations (execution time 00:00.146s)
2026-04-09 05:39:08 INFO  [main] o.f.core.internal.command.DbMigrate - Current version of schema "public": 10
2026-04-09 05:39:08 INFO  [main] o.f.core.internal.command.DbMigrate - Schema "public" is up to date. No migration necessary.
2026-04-09 05:39:25 INFO  [main] o.s.o.j.p.SpringPersistenceUnitInfo - No LoadTimeWeaver setup: ignoring JPA class transformer
2026-04-09 05:39:31 INFO  [main] o.s.o.j.LocalContainerEntityManagerFactoryBean - Initialized JPA EntityManagerFactory for persistence unit 'default'
2026-04-09 05:39:32 INFO  [main] o.s.d.j.r.q.QueryEnhancerFactories - Hibernate is in classpath; If applicable, HQL parser will be used.
2026-04-09 05:39:35 INFO  [main] o.s.s.c.a.a.c.InitializeAuthenticationProviderBeanManagerConfigurer$InitializeAuthenticationProviderManagerConfigurer - Global AuthenticationManager configured with AuthenticationProvider bean with name authenticationProvider
2026-04-09 05:39:40 INFO  [main] o.a.coyote.http11.Http11NioProtocol - Starting ProtocolHandler ["http-nio-8080"]
2026-04-09 05:39:40 INFO  [main] o.s.boot.tomcat.TomcatWebServer - Tomcat started on port 8080 (http) with context path '/'
2026-04-09 05:39:40 INFO  [main] c.emiLoan.EMILoan.EmiLoanApplication - Started EmiLoanApplication in 46.888 seconds (process running for 52.13)
2026-04-09 05:39:41 INFO  [main] c.e.EMILoan.config.DummyDataSeeder - Skipping dummy data seeding: Database already populated.
2026-04-09 05:39:41 INFO  [main] c.e.EMILoan.config.LoanDataSeeder - Skipping loan seeding: Loans already exist.
2026-04-09 05:40:00 INFO  [scheduling-1] c.e.E.scheduler.OtpCleanupScheduler - Starting maintenance: Cleaning unverified data older than 2026-04-09T00:05:00.048138400
2026-04-09 05:40:00 INFO  [scheduling-1] c.e.E.scheduler.OtpCleanupScheduler - Cleanup completed: Expired OTPs and unverified accounts successfully removed.
2026-04-09 05:40:33 INFO  [http-nio-8080-exec-2] o.a.c.c.C.[Tomcat].[localhost].[/] - Initializing Spring DispatcherServlet 'dispatcherServlet'
2026-04-09 05:40:33 INFO  [http-nio-8080-exec-2] o.s.web.servlet.DispatcherServlet - Initializing Servlet 'dispatcherServlet'
2026-04-09 05:40:34 INFO  [http-nio-8080-exec-2] o.s.web.servlet.DispatcherServlet - Completed initialization in 113 ms
2026-04-09 05:44:56 INFO  [AuditLogger-1] c.e.E.service.impl.AuditServiceImpl - Audit Logged: [devajyoti.dubashi@yahoo.co.in] - Loan Officer approved the application and assigned an interest rate. performed APPROVED on APPLICATION (ID: 946db2bb-5cff-4c49-8c33-983c5793ef40)
2026-04-09 05:45:33 INFO  [scheduling-1] c.e.E.scheduler.OtpCleanupScheduler - Starting maintenance: Cleaning unverified data older than 2026-04-09T00:10:33.564372900
2026-04-09 05:45:36 INFO  [scheduling-1] c.e.E.scheduler.OtpCleanupScheduler - Cleanup completed: Expired OTPs and unverified accounts successfully removed.
2026-04-09 05:50:14 INFO  [scheduling-1] c.e.E.scheduler.OtpCleanupScheduler - Starting maintenance: Cleaning unverified data older than 2026-04-09T00:15:14.917222100
2026-04-09 05:50:30 INFO  [scheduling-1] c.e.E.scheduler.OtpCleanupScheduler - Cleanup completed: Expired OTPs and unverified accounts successfully removed.
2026-04-09 05:53:43 INFO  [http-nio-8080-exec-4] c.e.E.service.impl.EmiServiceImpl - Financial Event: Generated 24 installments for Loan LAN000054
2026-04-09 05:54:39 INFO  [EmailSender-1] c.e.E.service.impl.AuditServiceImpl - Audit Logged: [SYSTEM] - Automated system action performed CREATE on EMI_SCHEDULE (ID: e5c1484e-dca9-41a5-b430-3d4e44a93a4f)
2026-04-09 05:54:40 INFO  [AuditLogger-3] c.e.E.service.impl.AuditServiceImpl - Audit Logged: [devajyoti.dubashi@yahoo.co.in] - Loan account officially generated and activated following application approval performed CREATE on LOAN (ID: e5c1484e-dca9-41a5-b430-3d4e44a93a4f)
2026-04-09 05:54:40 INFO  [http-nio-8080-exec-4] c.e.E.service.impl.LoanServiceImpl - Successfully generated Loan e5c1484e-dca9-41a5-b430-3d4e44a93a4f (Code: LAN000054) for application 946db2bb-5cff-4c49-8c33-983c5793ef40
2026-04-09 05:55:01 INFO  [scheduling-1] c.e.E.scheduler.OtpCleanupScheduler - Starting maintenance: Cleaning unverified data older than 2026-04-09T00:20:01.286844300
2026-04-09 05:55:01 INFO  [scheduling-1] c.e.E.scheduler.OtpCleanupScheduler - Cleanup completed: Expired OTPs and unverified accounts successfully removed.
2026-04-09 05:55:25 INFO  [EmailSender-2] c.e.E.s.impl.NotificationServiceImpl - Email successfully sent to dipali.pothuvaal@gmail.com
2026-04-09 06:00:00 INFO  [scheduling-1] c.e.E.scheduler.OtpCleanupScheduler - Starting maintenance: Cleaning unverified data older than 2026-04-09T00:25:00.145395200
2026-04-09 06:00:00 INFO  [scheduling-1] c.e.E.scheduler.OtpCleanupScheduler - Cleanup completed: Expired OTPs and unverified accounts successfully removed.
2026-04-09 06:05:00 INFO  [scheduling-1] c.e.E.scheduler.OtpCleanupScheduler - Starting maintenance: Cleaning unverified data older than 2026-04-09T00:30:00.056527100
2026-04-09 06:05:00 INFO  [scheduling-1] c.e.E.scheduler.OtpCleanupScheduler - Cleanup completed: Expired OTPs and unverified accounts successfully removed.
2026-04-09 06:10:00 INFO  [scheduling-1] c.e.E.scheduler.OtpCleanupScheduler - Starting maintenance: Cleaning unverified data older than 2026-04-09T00:35:00.016927
2026-04-09 06:10:00 INFO  [scheduling-1] c.e.E.scheduler.OtpCleanupScheduler - Cleanup completed: Expired OTPs and unverified accounts successfully removed.
2026-04-09 06:10:39 INFO  [SpringApplicationShutdownHook] o.s.boot.tomcat.GracefulShutdown - Commencing graceful shutdown. Waiting for active requests to complete
2026-04-09 06:10:39 INFO  [tomcat-shutdown] o.s.boot.tomcat.GracefulShutdown - Graceful shutdown complete
2026-04-09 06:10:39 INFO  [SpringApplicationShutdownHook] o.s.o.j.LocalContainerEntityManagerFactoryBean - Closing JPA EntityManagerFactory for persistence unit 'default'
2026-04-09 06:10:39 INFO  [SpringApplicationShutdownHook] com.zaxxer.hikari.HikariDataSource - HikariPool-1 - Shutdown initiated...
2026-04-09 06:10:40 INFO  [SpringApplicationShutdownHook] com.zaxxer.hikari.HikariDataSource - HikariPool-1 - Shutdown completed.
2026-04-09 07:20:34 INFO  [main] c.emiLoan.EMILoan.EmiLoanApplication - Starting EmiLoanApplication using Java 21.0.10 with PID 11084 (C:\Users\om.kariya\Documents\EMILoan\EMILoan\target\classes started by Om.Kariya in C:\Users\om.kariya\Documents\EMILoan)
2026-04-09 07:20:34 INFO  [main] c.emiLoan.EMILoan.EmiLoanApplication - No active profile set, falling back to 1 default profile: "default"
2026-04-09 07:20:36 INFO  [main] o.s.d.r.c.RepositoryConfigurationDelegate - Bootstrapping Spring Data JPA repositories in DEFAULT mode.
2026-04-09 07:20:37 INFO  [main] o.s.d.r.c.RepositoryConfigurationDelegate - Finished Spring Data repository scanning in 235 ms. Found 13 JPA repository interfaces.
2026-04-09 07:20:38 INFO  [main] o.s.boot.tomcat.TomcatWebServer - Tomcat initialized with port 8080 (http)
2026-04-09 07:20:38 INFO  [main] o.a.coyote.http11.Http11NioProtocol - Initializing ProtocolHandler ["http-nio-8080"]
2026-04-09 07:20:38 INFO  [main] o.a.catalina.core.StandardService - Starting service [Tomcat]
2026-04-09 07:20:38 INFO  [main] o.a.catalina.core.StandardEngine - Starting Servlet engine: [Apache Tomcat/11.0.18]
2026-04-09 07:20:38 INFO  [main] o.s.b.w.c.s.WebApplicationContextInitializer - Root WebApplicationContext: initialization completed in 4388 ms
2026-04-09 07:20:39 INFO  [main] com.zaxxer.hikari.HikariDataSource - HikariPool-1 - Starting...
2026-04-09 07:20:39 INFO  [main] com.zaxxer.hikari.pool.HikariPool - HikariPool-1 - Added connection org.postgresql.jdbc.PgConnection@433d93e7
2026-04-09 07:20:39 INFO  [main] com.zaxxer.hikari.HikariDataSource - HikariPool-1 - Start completed.
2026-04-09 07:20:39 INFO  [main] org.flywaydb.core.FlywayExecutor - Database: jdbc:postgresql://localhost:5432/emi_scheduler (PostgreSQL 18.3)
2026-04-09 07:20:39 INFO  [main] o.f.core.internal.command.DbValidate - Successfully validated 10 migrations (execution time 00:00.084s)
2026-04-09 07:20:39 INFO  [main] o.f.core.internal.command.DbMigrate - Current version of schema "public": 10
2026-04-09 07:20:39 INFO  [main] o.f.core.internal.command.DbMigrate - Schema "public" is up to date. No migration necessary.
2026-04-09 07:20:41 INFO  [main] o.s.o.j.p.SpringPersistenceUnitInfo - No LoadTimeWeaver setup: ignoring JPA class transformer
2026-04-09 07:20:44 INFO  [main] o.s.o.j.LocalContainerEntityManagerFactoryBean - Initialized JPA EntityManagerFactory for persistence unit 'default'
2026-04-09 07:20:44 INFO  [main] o.s.d.j.r.q.QueryEnhancerFactories - Hibernate is in classpath; If applicable, HQL parser will be used.
2026-04-09 07:20:47 INFO  [main] o.s.s.c.a.a.c.InitializeAuthenticationProviderBeanManagerConfigurer$InitializeAuthenticationProviderManagerConfigurer - Global AuthenticationManager configured with AuthenticationProvider bean with name authenticationProvider
2026-04-09 07:20:50 INFO  [main] o.a.coyote.http11.Http11NioProtocol - Starting ProtocolHandler ["http-nio-8080"]
2026-04-09 07:20:50 INFO  [main] o.s.boot.tomcat.TomcatWebServer - Tomcat started on port 8080 (http) with context path '/'
2026-04-09 07:20:50 INFO  [main] c.emiLoan.EMILoan.EmiLoanApplication - Started EmiLoanApplication in 17.639 seconds (process running for 20.086)
2026-04-09 07:20:50 INFO  [main] c.e.EMILoan.config.DummyDataSeeder - Skipping dummy data seeding: Database already populated.
2026-04-09 07:20:50 INFO  [main] c.e.EMILoan.config.LoanDataSeeder - Skipping loan seeding: Loans already exist.
2026-04-09 07:20:53 INFO  [http-nio-8080-exec-1] o.a.c.c.C.[Tomcat].[localhost].[/] - Initializing Spring DispatcherServlet 'dispatcherServlet'
2026-04-09 07:20:53 INFO  [http-nio-8080-exec-1] o.s.web.servlet.DispatcherServlet - Initializing Servlet 'dispatcherServlet'
2026-04-09 07:20:53 INFO  [http-nio-8080-exec-1] o.s.web.servlet.DispatcherServlet - Completed initialization in 3 ms
2026-04-09 07:20:55 INFO  [http-nio-8080-exec-6] o.s.api.AbstractOpenApiResource - Init duration for springdoc-openapi is: 1312 ms
2026-04-09 07:25:00 INFO  [scheduling-1] c.e.E.scheduler.OtpCleanupScheduler - Starting maintenance: Cleaning unverified data older than 2026-04-09T01:50:00.405916200
2026-04-09 07:25:01 INFO  [scheduling-1] c.e.E.scheduler.OtpCleanupScheduler - Cleanup completed: Expired OTPs and unverified accounts successfully removed.
2026-04-09 07:28:36 INFO  [SpringApplicationShutdownHook] o.s.boot.tomcat.GracefulShutdown - Commencing graceful shutdown. Waiting for active requests to complete
2026-04-09 07:28:36 INFO  [tomcat-shutdown] o.s.boot.tomcat.GracefulShutdown - Graceful shutdown complete
2026-04-09 07:28:36 INFO  [SpringApplicationShutdownHook] o.s.o.j.LocalContainerEntityManagerFactoryBean - Closing JPA EntityManagerFactory for persistence unit 'default'
2026-04-09 07:28:36 INFO  [SpringApplicationShutdownHook] com.zaxxer.hikari.HikariDataSource - HikariPool-1 - Shutdown initiated...
2026-04-09 07:28:36 INFO  [SpringApplicationShutdownHook] com.zaxxer.hikari.HikariDataSource - HikariPool-1 - Shutdown completed.
